  GUESS_SAFETY 未设置，将按 d=100 自动使用 2
=== FHE-PCA [bootstrap] (d=100, m_iter=5, Newton=2, Bootstrap=ON) ===

[Phase 1] Client setup
  数据: 低秩合成集 N=500 rank=20 noise=2
  CryptoContext + KeyGen 耗时: 13104.2 ms
  multiplicativeDepth = 36   numSlots = 16384
  trace(C) = 595.7710
  plaintext sim: α_0=0.009063  ||W||²=3.3490e-04  guess(safety=2.0)=1/√x=38.64
  per-iter Newton guess: ON  count=4  range=[2.103e-04, 4.631e-03]

[Phase 2] Server HE-Lanczos
  aSOR: 关闭（标准 Newton 2 轮）；如需开启: ASOR_EPS=0.9 ASOR_ALPHA=4 ...
  耗时: 3459230.9 ms
  Bootstrap 次数: 8   Bootstrap 累计耗时: 84239.9 ms
  α: 5  β: 4  V_all: 5

[Phase 3] Client post-processing
  T_5 =
0.0 0.0 0.0 0.0 0.0
0.0 0.1 0.0 0.0 0.0
0.0 0.0 0.1 0.0 0.0
0.0 0.0 0.0 0.0 0.0
0.0 0.0 0.0 0.0 0.1
  CW 保留特征值: 4

============================================================
  结果验证 (反归一化: ×595.77)
============================================================

  真实特征值:  λ_1=105.35  λ_2=54.09  λ_3=27.41  λ_4=16.25  λ_5=11.40

  #1  HE: 102.8439  真实: 105.3455  误差: 2.37%  cos_sim=0.9981

  #2  HE: 69.9323  真实: 54.0890  误差: 29.29%  cos_sim=0.3769

  #3  HE: 52.0545  真实: 27.4107  误差: 89.91%  cos_sim=0.2414

  #4  HE: 9.7256  真实: 16.2478  误差: 40.14%  cos_sim=0.2423

============================================================
  [评估指标] 对齐 Panda 2021 / Ma 2023
============================================================

  R²(V) 主成分相似度 = -0.0707  （越接近 1 越好）
  R²(X) 重建评分（密文 K=4）: 0.3081
  R²(X) 重建评分（明文 K=4）: 0.3409
  R²(X) 差距 = 0.0328  （越小越好）
  累计方差解释率（明文，前 4）= 0.3409

  Server 耗时: 3459230.9 ms

=== 完成 ===

