  GUESS_SAFETY 未设置，将按 d=1024 自动使用 16
=== FHE-PCA [bootstrap] (d=1024, m_iter=5, Newton=2, Bootstrap=ON) ===

[Phase 1] Client setup
  数据: 低秩合成集 N=500 rank=50 noise=2
  CryptoContext + KeyGen 耗时: 13326.4 ms
  multiplicativeDepth = 36   numSlots = 16384
  trace(C) = 4292.8646
  plaintext sim: α_0=0.000906  ||W||²=1.8604e-06  guess(safety=16.0)=1/√x=183.29
  per-iter Newton guess: ON  count=4  range=[2.977e-05, 6.683e-04]

[Phase 2] Server HE-Lanczos
  aSOR: 关闭（标准 Newton 2 轮）；如需开启: ASOR_EPS=0.9 ASOR_ALPHA=4 ...
  耗时: 4015506.4 ms
  Bootstrap 次数: 8   Bootstrap 累计耗时: 132822.0 ms
  α: 5  β: 4  V_all: 5

[Phase 3] Client post-processing
  T_5 =
0.0 0.0 0.0 0.0 0.0
0.0 0.0 0.0 0.0 0.0
0.0 0.0 0.0 0.0 0.0
0.0 0.0 0.0 0.0 0.0
0.0 0.0 0.0 0.0 0.0
  CW 保留特征值: 4

============================================================
  结果验证 (反归一化: ×4292.86)
============================================================

  真实特征值:  λ_1=114.23  λ_2=64.00  λ_3=37.13  λ_4=25.71  λ_5=23.59

  #1  HE: 27.3199  真实: 114.2317  误差: 76.08%  cos_sim=0.7247

  #2  HE: 8.6242  真实: 64.0047  误差: 86.53%  cos_sim=0.1412

  #3  HE: 2.3014  真实: 37.1270  误差: 93.80%  cos_sim=0.1346

  #4  HE: -5.4859  真实: 25.7068  误差: 121.34%  cos_sim=0.0177

============================================================
  [评估指标] 对齐 Panda 2021 / Ma 2023
============================================================

  R²(V) 主成分相似度 = -0.4909  （越接近 1 越好）
  R²(X) 重建评分（密文 K=4）: 0.0308
  R²(X) 重建评分（明文 K=4）: 0.0562
  R²(X) 差距 = 0.0254  （越小越好）
  累计方差解释率（明文，前 4）= 0.0562

  Server 耗时: 4015506.4 ms

=== 完成 ===

