  Lanczos 单步最大深度估算 = 12  → levels_after_bootstrap = 16
  GUESS_SAFETY 未设置，将按 d=256 自动使用 4
=== FHE-PCA [bootstrap] (d=256, m_iter=8, Newton=2, Bootstrap=ON, FRO=OFF) ===

[Phase 1] Client setup
  数据: 低秩合成集 N=2000 rank=30 noise=2
  CryptoContext + KeyGen 耗时: 3420.7 ms
  multiplicativeDepth = 38   numSlots = 16384
  trace(C) = 1217.1831
  plaintext sim: α_0=0.003654  ||W||²=9.2861e-06  guess(safety=4.0)=1/√x=164.08
  per-iter Newton guess: ON  count=7  range=[2.554e-05, 3.195e-03]

[Phase 2] Server HE-Lanczos
  aSOR: 关闭（标准 Newton 2 轮）；如需开启: ASOR_EPS=0.9 ASOR_ALPHA=4 ...
  耗时: 479357.2 ms
  Bootstrap 次数: 17   Bootstrap 累计耗时: 46651.6 ms
  α: 8  β: 7  V_all: 8

[Phase 3] Client post-processing
  T_8 =
0.0 0.0 0.0 0.0 0.0 0.0 0.0 0.0
0.0 0.0 0.0 0.0 0.0 0.0 0.0 0.0
0.0 0.0 0.0 0.0 0.0 0.0 0.0 0.0
0.0 0.0 0.0 0.0 0.0 0.0 0.0 0.0
0.0 0.0 0.0 0.0 0.0 6.2 0.0 0.0
0.0 0.0 0.0 0.0 6.2 0.0 0.0 0.0
0.0 0.0 0.0 0.0 0.0 0.0 0.0 0.0
0.0 0.0 0.0 0.0 0.0 0.0 0.0 0.0
  CW 保留特征值: 4

============================================================
  结果验证 (反归一化: ×1217.18)
============================================================

  真实特征值:  λ_1=102.92  λ_2=53.50  λ_3=28.68  λ_4=15.82  λ_5=10.82

  #1  HE: 84.9798  真实: 102.9206  误差: 17.43%  cos_sim=0.9832

  #2  HE: 41.7320  真实: 53.4983  误差: 21.99%  cos_sim=0.8586

  #3  HE: 10.5005  真实: 28.6771  误差: 63.38%  cos_sim=0.4748

  #4  HE: 3.6440  真实: 15.8172  误差: 76.96%  cos_sim=0.0036

============================================================
  [评估指标] 对齐 Panda 2021 / Ma 2023
============================================================

  R²(V) 主成分相似度 = 0.1601  （越接近 1 越好）
  R²(X) 重建评分（密文 K=4）: 0.1322
  R²(X) 重建评分（明文 K=4）: 0.1651
  R²(X) 差距 = 0.0328  （越小越好）
  累计方差解释率（明文，前 4）= 0.1651

  Server 耗时: 479357.2 ms

=== 完成 ===

