  Lanczos 单步最大深度估算 = 22  → levels_after_bootstrap = 26
  GUESS_SAFETY 未设置，将按 d=50 自动使用 2
=== FHE-PCA [bootstrap] (d=50, m_iter=8, Newton=2, Bootstrap=ON, FRO=ON(skip_first=2)) ===

[Phase 1] Client setup
  数据: 低秩合成集 N=500 rank=20 noise=2
  CryptoContext + KeyGen 耗时: 4171.2 ms
  multiplicativeDepth = 48   numSlots = 16384
  trace(C) = 396.6637
  plaintext sim: α_0=0.035796  ||W||²=5.2235e-03  guess(safety=2.0)=1/√x=9.78
  per-iter Newton guess: ON  count=7  range=[1.980e-04, 1.045e-02]

[Phase 2] Server HE-Lanczos
  aSOR: 关闭（标准 Newton 2 轮）；如需开启: ASOR_EPS=0.9 ASOR_ALPHA=4 ...
  耗时: 195659.1 ms
  Bootstrap 次数: 16   Bootstrap 累计耗时: 59693.8 ms
  α: 8  β: 7  V_all: 8

[Phase 3] Client post-processing
  T_8 =
0.0 0.1 0.0 0.0 0.0 0.0 0.0 0.0
0.1 0.2 0.0 0.0 0.0 0.0 0.0 0.0
0.0 0.0 0.1 0.0 0.0 0.0 0.0 0.0
0.0 0.0 0.0 0.0 0.0 0.0 0.0 0.0
0.0 0.0 0.0 0.0 0.0 0.0 0.0 0.0
0.0 0.0 0.0 0.0 0.0 0.0 0.0 0.0
0.0 0.0 0.0 0.0 0.0 0.0 0.0 0.0
0.0 0.0 0.0 0.0 0.0 0.0 0.0 0.0
  CW 保留特征值: 4

============================================================
  结果验证 (反归一化: ×396.66)
============================================================

  真实特征值:  λ_1=103.35  λ_2=54.52  λ_3=27.15  λ_4=16.87  λ_5=11.04

  #1  HE: 100.3862  真实: 103.3457  误差: 2.86%  cos_sim=0.9995

  #2  HE: 55.6233  真实: 54.5207  误差: 2.02%  cos_sim=0.9990

  #3  HE: 27.1732  真实: 27.1545  误差: 0.07%  cos_sim=0.9993

  #4  HE: 16.5945  真实: 16.8654  误差: 1.61%  cos_sim=0.9936

============================================================
  [评估指标] 对齐 Panda 2021 / Ma 2023
============================================================

  R²(V) 主成分相似度 = 0.9957  （越接近 1 越好）
  R²(X) 重建评分（密文 K=4）: 0.5086
  R²(X) 重建评分（明文 K=4）: 0.5090
  R²(X) 差距 = 0.0003  （越小越好）
  累计方差解释率（明文，前 4）= 0.5090

  Server 耗时: 195659.1 ms

=== 完成 ===

