  GUESS_SAFETY 未设置，将按 d=512 自动使用 8
=== FHE-PCA [bootstrap] (d=512, m_iter=5, Newton=2, Bootstrap=ON) ===

[Phase 1] Client setup
  数据: 低秩合成集 N=500 rank=50 noise=2
  CryptoContext + KeyGen 耗时: 13186.3 ms
  multiplicativeDepth = 36   numSlots = 16384
  trace(C) = 2242.8976
  plaintext sim: α_0=0.001993  ||W||²=6.3960e-06  guess(safety=8.0)=1/√x=139.80
  per-iter Newton guess: ON  count=4  range=[5.117e-05, 4.029e-03]

[Phase 2] Server HE-Lanczos
  aSOR: 关闭（标准 Newton 2 轮）；如需开启: ASOR_EPS=0.9 ASOR_ALPHA=4 ...
  耗时: 1753182.3 ms
  Bootstrap 次数: 8   Bootstrap 累计耗时: 73190.5 ms
  α: 5  β: 4  V_all: 5

[Phase 3] Client post-processing
  T_5 =
0.0 0.0 0.0 0.0 0.0
0.0 0.0 0.0 0.0 0.0
0.0 0.0 0.0 0.0 0.0
0.0 0.0 0.0 0.0 0.0
0.0 0.0 0.0 0.0 0.0
  CW 保留特征值: 4

============================================================
  结果验证 (反归一化: ×2242.90)
============================================================

  真实特征值:  λ_1=108.80  λ_2=58.77  λ_3=33.17  λ_4=19.31  λ_5=16.10

  #1  HE: 86.1539  真实: 108.7955  误差: 20.81%  cos_sim=0.4935

  #2  HE: 51.7528  真实: 58.7715  误差: 11.94%  cos_sim=0.4822

  #3  HE: 25.8838  真实: 33.1729  误差: 21.97%  cos_sim=0.2287

  #4  HE: 4.5505  真实: 19.3108  误差: 76.44%  cos_sim=0.0007

============================================================
  [评估指标] 对齐 Panda 2021 / Ma 2023
============================================================

  R²(V) 主成分相似度 = -0.3975  （越接近 1 越好）
  R²(X) 重建评分（密文 K=4）: 0.0810
  R²(X) 重建评分（明文 K=4）: 0.0981
  R²(X) 差距 = 0.0171  （越小越好）
  累计方差解释率（明文，前 4）= 0.0981

  Server 耗时: 1753182.3 ms

=== 完成 ===

