  GUESS_SAFETY 未设置，将按 d=768 自动使用 8
=== FHE-PCA [bootstrap] (d=768, m_iter=5, Newton=2, Bootstrap=ON) ===

[Phase 1] Client setup
  数据: 低秩合成集 N=500 rank=50 noise=2
  CryptoContext + KeyGen 耗时: 14621.4 ms
  multiplicativeDepth = 36   numSlots = 16384
  trace(C) = 3266.9915
  plaintext sim: α_0=0.001190  ||W||²=2.1936e-06  guess(safety=8.0)=1/√x=238.71
  per-iter Newton guess: ON  count=4  range=[1.755e-05, 1.105e-03]

[Phase 2] Server HE-Lanczos
  aSOR: 关闭（标准 Newton 2 轮）；如需开启: ASOR_EPS=0.9 ASOR_ALPHA=4 ...
  耗时: 3244438.6 ms
  Bootstrap 次数: 8   Bootstrap 累计耗时: 74984.6 ms
  α: 5  β: 4  V_all: 5

[Phase 3] Client post-processing
  T_5 =
0.0 0.0 0.0 0.0 0.0
0.0 0.0 0.0 0.0 0.0
0.0 0.0 0.0 0.0 0.0
0.0 0.0 0.0 0.0 0.0
0.0 0.0 0.0 0.0 0.0
  CW 保留特征值: 4

============================================================
  结果验证 (反归一化: ×3266.99)
============================================================

  真实特征值:  λ_1=112.47  λ_2=60.62  λ_3=33.89  λ_4=22.03  λ_5=19.57

  #1  HE: 40.2563  真实: 112.4738  误差: 64.21%  cos_sim=0.5889

  #2  HE: 9.0797  真实: 60.6192  误差: 85.02%  cos_sim=0.1467

  #3  HE: 2.5811  真实: 33.8860  误差: 92.38%  cos_sim=0.0978

  #4  HE: -2.4771  真实: 22.0289  误差: 111.24%  cos_sim=0.0172

============================================================
  [评估指标] 对齐 Panda 2021 / Ma 2023
============================================================

  R²(V) 主成分相似度 = -0.5747  （越接近 1 越好）
  R²(X) 重建评分（密文 K=4）: 0.0316
  R²(X) 重建评分（明文 K=4）: 0.0701
  R²(X) 差距 = 0.0385  （越小越好）
  累计方差解释率（明文，前 4）= 0.0701

  Server 耗时: 3244438.6 ms

=== 完成 ===

