  Lanczos 单步最大深度估算 = 22  → levels_after_bootstrap = 26
  GUESS_SAFETY 未设置，将按 d=784 自动使用 8
=== FHE-PCA [bootstrap] (d=784, m_iter=8, Newton=2, Bootstrap=ON, FRO=ON(skip_first=2)) ===

[Phase 1] Client setup
  数据: 低秩合成集 N=2000 rank=50 noise=2
  CryptoContext + KeyGen 耗时: 4348.2 ms
  multiplicativeDepth = 48   numSlots = 16384
  trace(C) = 3332.0578
  plaintext sim: α_0=0.001345  ||W||²=2.3750e-06  guess(safety=8.0)=1/√x=229.42
  per-iter Newton guess: ON  count=7  range=[1.900e-05, 1.122e-03]

[Phase 2] Server HE-Lanczos
  aSOR: 关闭（标准 Newton 2 轮）；如需开启: ASOR_EPS=0.9 ASOR_ALPHA=4 ...
  耗时: 10928732.0 ms
  Bootstrap 次数: 16   Bootstrap 累计耗时: 185209.5 ms
  α: 8  β: 7  V_all: 8

[Phase 3] Client post-processing
  T_8 =
0.0 0.0 0.0 0.0 0.0 0.0 0.0 0.0
0.0 0.0 0.0 0.0 0.0 0.0 0.0 0.0
0.0 0.0 0.0 0.0 0.0 0.0 0.0 0.0
0.0 0.0 0.0 0.0 0.0 0.0 0.0 0.0
0.0 0.0 0.0 0.0 0.0 0.0 0.0 0.0
0.0 0.0 0.0 0.0 0.0 0.0 0.0 0.0
0.0 0.0 0.0 0.0 0.0 0.0 0.0 0.0
0.0 0.0 0.0 0.0 0.0 0.0 0.0 0.0
  CW 保留特征值: 4

============================================================
  结果验证 (反归一化: ×3332.06)
============================================================

  真实特征值:  λ_1=103.01  λ_2=56.18  λ_3=31.07  λ_4=17.46  λ_5=12.44

  #1  HE: 57.6480  真实: 103.0134  误差: 44.04%  cos_sim=0.8304

  #2  HE: 29.4689  真实: 56.1820  误差: 47.55%  cos_sim=0.7885

  #3  HE: 19.5659  真实: 31.0699  误差: 37.03%  cos_sim=0.1197

  #4  HE: 9.1304  真实: 17.4638  误差: 47.72%  cos_sim=0.1272

============================================================
  [评估指标] 对齐 Panda 2021 / Ma 2023
============================================================

  R²(V) 主成分相似度 = -0.0671  （越接近 1 越好）
  R²(X) 重建评分（密文 K=4）: 0.0426
  R²(X) 重建评分（明文 K=4）: 0.0623
  R²(X) 差距 = 0.0197  （越小越好）
  累计方差解释率（明文，前 4）= 0.0623

  Server 耗时: 10928732.0 ms

=== 完成 ===

