  Lanczos 单步最大深度估算 = 26  → levels_after_bootstrap = 30
=== FHE-PCA [bootstrap] (d=784, m_iter=8, Newton=3, Bootstrap=ON, FRO=ON(skip_first=2)) ===

[Phase 1] Client setup
  数据: 低秩合成集 N=2000 rank=50 noise=2
  CryptoContext + KeyGen 耗时: 4645.4 ms
  multiplicativeDepth = 52   numSlots = 16384
  trace(C) = 3332.0578
  plaintext sim: α_0=0.001345  ||W||²=2.3750e-06  guess(safety=4.0)=1/√x=324.44
  per-iter Newton guess: ON  count=7  range=[9.500e-06, 5.610e-04]

[Phase 2] Server HE-Lanczos
  aSOR: 关闭（标准 Newton 3 轮）；如需开启: ASOR_EPS=0.9 ASOR_ALPHA=4 ...
  耗时: 7123462.1 ms
  Bootstrap 次数: 16   Bootstrap 累计耗时: 194458.6 ms
  α: 8  β: 7  V_all: 8

[Phase 3] Client post-processing
  T_8 =
0.0 0.0 0.0 0.0 0.0 0.0 0.0 0.0
0.0 0.0 0.0 0.0 0.0 0.0 0.0 0.0
0.0 0.0 0.0 0.0 0.0 0.0 0.0 0.0
0.0 0.0 0.0 0.0 0.0 0.0 0.0 0.0
0.0 0.0 0.0 0.0 0.0 0.0 0.0 0.0
0.0 0.0 0.0 0.0 0.0 0.0 0.0 0.0
0.0 0.0 0.0 0.0 0.0 0.0 0.0 0.0
0.0 0.0 0.0 0.0 0.0 0.0 0.0 0.0
  CW 保留特征值: 4

============================================================
  结果验证 (反归一化: ×3332.06)
============================================================

  真实特征值:  λ_1=103.01  λ_2=56.18  λ_3=31.07  λ_4=17.46  λ_5=12.44

  #1  HE: 99.4037  真实: 103.0134  误差: 3.50%  cos_sim=0.9998

  #2  HE: 55.2615  真实: 56.1820  误差: 1.64%  cos_sim=0.9990

  #3  HE: 29.8977  真实: 31.0699  误差: 3.77%  cos_sim=0.9736

  #4  HE: 19.2440  真实: 17.4638  误差: 10.19%  cos_sim=0.9560

============================================================
  [评估指标] 对齐 Panda 2021 / Ma 2023
============================================================

  R²(V) 主成分相似度 = 0.9642  （越接近 1 越好）
  R²(X) 重建评分（密文 K=4）: 0.0618
  R²(X) 重建评分（明文 K=4）: 0.0623
  R²(X) 差距 = 0.0005  （越小越好）
  累计方差解释率（明文，前 4）= 0.0623

  Server 耗时: 7123462.1 ms

=== 完成 ===

