  Lanczos 单步最大深度估算 = 26  → levels_after_bootstrap = 30
  GUESS_SAFETY 未设置，将按 d=256 自动使用 4
=== FHE-PCA [bootstrap] (d=256, m_iter=8, Newton=3, Bootstrap=ON, FRO=ON(skip_first=2)) ===

[Phase 1] Client setup
  数据: 二进制真实数据集 data/yale_16x16.bin  (像素 /255 → [0,1])
  [dataset] 加载二进制 data/yale_16x16.bin  N=165  d=256  (像素归一化到 [0,1])
  CryptoContext + KeyGen 耗时: 22553.7 ms
  multiplicativeDepth = 52   numSlots = 16384
  trace(C) = 11.5229
  plaintext sim: α_0=0.004942  ||W||²=5.1944e-04  guess(safety=4.0)=1/√x=21.94
  per-iter Newton guess: ON  count=7  range=[1.962e-03, 1.752e-02]

[Phase 2] Server HE-Lanczos
  矩阵打包: Diagonal + BSGS (b=16, a=16, EvalRotate ≈ 32 次/matvec)
  aSOR: 关闭（标准 Newton 3 轮）；如需开启: ASOR_EPS=0.9 ASOR_ALPHA=4 ...
  耗时: 461696.2 ms
  Bootstrap 次数: 16   Bootstrap 累计耗时: 223048.5 ms
  α: 8  β: 7  V_all: 8

[Phase 3] Client post-processing
  T_8 =
0.0 0.0 0.0 0.0 0.0 0.0 0.0 0.0
0.0 0.2 0.1 0.0 0.0 0.0 0.0 0.0
0.0 0.1 0.1 0.0 0.0 0.0 0.0 0.0
0.0 0.0 0.0 0.1 0.0 0.0 0.0 0.0
0.0 0.0 0.0 0.0 0.1 0.0 0.0 0.0
0.0 0.0 0.0 0.0 0.0 0.1 0.0 0.0
0.0 0.0 0.0 0.0 0.0 0.0 0.1 0.0
0.0 0.0 0.0 0.0 0.0 0.0 0.0 0.1
  CW 保留特征值: 4

============================================================
  结果验证 (反归一化: ×11.52)
============================================================

  真实特征值:  λ_1=2.43  λ_2=2.14  λ_3=1.54  λ_4=0.81  λ_5=0.80

  #1  HE: 2.3415  真实: 2.4307  误差: 3.67%  cos_sim=0.9996

  #2  HE: 2.0464  真实: 2.1376  误差: 4.27%  cos_sim=0.9992

  #3  HE: 1.4738  真实: 1.5404  误差: 4.32%  cos_sim=0.9943

  #4  HE: 0.8374  真实: 0.8101  误差: 3.37%  cos_sim=0.7283

============================================================
  [评估指标] 对齐 Panda 2021 / Ma 2023
============================================================

  R²(V) 主成分相似度 = 0.8607  （越接近 1 越好）
  R²(X) 重建评分（密文 K=4）: 0.5977
  R²(X) 重建评分（明文 K=4）: 0.6004
  R²(X) 差距 = 0.0027  （越小越好）
  累计方差解释率（明文，前 4）= 0.6004

============================================================
  [对照表] HE 实测 vs 明文 mirror vs Eigen 真值
============================================================
  说明：明文 mirror = 同 m/同 FRO 的 Lanczos，但用 std::sqrt 替代 Newton、无噪声
        HE − 明文 mirror = FHE 增量误差（CKKS 噪声 + Newton 近似 + 实现细节）
        明文 mirror − Eigen 真值 = 迭代算法误差（B1 Krylov 不完备 + B2 浮点正交性）

  指标            HE 实测            明文 mirror         Eigen 真值
  ────────────────────────────────────────────────────────────────────────
  λ_1                2.3415 ( 3.67%)      2.4307 ( 0.00%)      2.4307
  λ_2                2.0464 ( 4.27%)      2.1375 ( 0.00%)      2.1376
  λ_3                1.4738 ( 4.32%)      1.5312 ( 0.60%)      1.5404
  λ_4                0.8374 ( 3.37%)      0.7981 ( 1.49%)      0.8101

  cos_1            0.999635            1.000000            1.000000
  cos_2            0.999200            0.999971            1.000000
  cos_3            0.994288            0.996061            1.000000
  cos_4            0.728284            0.720650            1.000000

  R²(V)            0.860704            0.858341            1.000000
  R²(X)            0.597731            0.598588            0.600439

  ── 误差归因（K=4，HE − 明文 mirror = FHE 增量） ──
    λ_1  总误差=3.67e-02  其中 迭代极限=1.13e-07 (0.0%)  FHE 增量=3.67e-02
    cos_1 总差=3.65e-04  其中 迭代极限=6.70e-08 (0.0%)  FHE 增量=3.65e-04
    λ_2  总误差=4.27e-02  其中 迭代极限=4.73e-05 (0.1%)  FHE 增量=4.26e-02
    cos_2 总差=8.00e-04  其中 迭代极限=2.94e-05 (3.7%)  FHE 增量=7.70e-04
    λ_3  总误差=4.32e-02  其中 迭代极限=5.95e-03 (13.8%)  FHE 增量=3.73e-02
    cos_3 总差=5.71e-03  其中 迭代极限=3.94e-03 (69.0%)  FHE 增量=1.77e-03
    λ_4  总误差=3.37e-02  其中 迭代极限=1.49e-02 (44.1%)  FHE 增量=1.88e-02
    cos_4 总差=2.72e-01  其中 迭代极限=2.79e-01 (102.8%)  FHE 增量=0.00e+00

  Server 耗时: 461696.2 ms

=== 完成 ===

