  Lanczos 单步最大深度估算 = 26  → levels_after_bootstrap = 30
  GUESS_SAFETY 未设置，将按 d=256 自动使用 4
=== FHE-PCA [bootstrap] (d=256, m_iter=8, Newton=3, Bootstrap=ON, FRO=ON(skip_first=2)) ===

[Phase 1] Client setup
  数据: 二进制真实数据集 data/mnist_16x16_N200.bin  (像素 /255 → [0,1])
  [dataset] 加载二进制 data/mnist_16x16_N200.bin  N=200  d=256  (像素归一化到 [0,1])
  CryptoContext + KeyGen 耗时: 23134.9 ms
  multiplicativeDepth = 52   numSlots = 16384
  trace(C) = 13.1685
  plaintext sim: α_0=0.004513  ||W||²=1.5946e-04  guess(safety=4.0)=1/√x=39.60
  per-iter Newton guess: ON  count=7  range=[6.378e-04, 6.513e-03]

[Phase 2] Server HE-Lanczos
  矩阵打包: Diagonal + BSGS (b=16, a=16, EvalRotate ≈ 32 次/matvec)
  aSOR: 关闭（标准 Newton 3 轮）；如需开启: ASOR_EPS=0.9 ASOR_ALPHA=4 ...
  耗时: 462320.6 ms
  Bootstrap 次数: 16   Bootstrap 累计耗时: 217757.9 ms
  α: 8  β: 7  V_all: 8

[Phase 3] Client post-processing
  T_8 =
0.0 0.0 0.0 0.0 0.0 0.0 0.0 0.0
0.0 0.1 0.0 0.0 0.0 0.0 0.0 0.0
0.0 0.0 0.1 0.0 0.0 0.0 0.0 0.0
0.0 0.0 0.0 0.1 0.0 0.0 0.0 0.0
0.0 0.0 0.0 0.0 0.1 0.0 0.0 0.0
0.0 0.0 0.0 0.0 0.0 0.1 0.0 0.0
0.0 0.0 0.0 0.0 0.0 0.0 0.0 0.0
0.0 0.0 0.0 0.0 0.0 0.0 0.0 0.0
  CW 保留特征值: 4

============================================================
  结果验证 (反归一化: ×13.17)
============================================================

  真实特征值:  λ_1=1.61  λ_2=1.27  λ_3=0.92  λ_4=0.87  λ_5=0.65

  #1  HE: 1.5553  真实: 1.6071  误差: 3.22%  cos_sim=0.9997

  #2  HE: 1.2367  真实: 1.2712  误差: 2.72%  cos_sim=0.9997

  #3  HE: 0.9072  真实: 0.9221  误差: 1.62%  cos_sim=0.9848

  #4  HE: 0.5553  真实: 0.8680  误差: 36.03%  cos_sim=0.1259

============================================================
  [评估指标] 对齐 Panda 2021 / Ma 2023
============================================================

  R²(V) 主成分相似度 = 0.5550  （越接近 1 越好）
  R²(X) 重建评分（密文 K=4）: 0.3301
  R²(X) 重建评分（明文 K=4）: 0.3545
  R²(X) 差距 = 0.0244  （越小越好）
  累计方差解释率（明文，前 4）= 0.3545

============================================================
  [对照表] HE 实测 vs 明文 mirror vs Eigen 真值
============================================================
  说明：明文 mirror = 同 m/同 FRO 的 Lanczos，但用 std::sqrt 替代 Newton、无噪声
        HE − 明文 mirror = FHE 增量误差（CKKS 噪声 + Newton 近似 + 实现细节）
        明文 mirror − Eigen 真值 = 迭代算法误差（B1 Krylov 不完备 + B2 浮点正交性）

  指标            HE 实测            明文 mirror         Eigen 真值
  ────────────────────────────────────────────────────────────────────────
  λ_1                1.5553 ( 3.22%)      1.6071 ( 0.00%)      1.6071
  λ_2                1.2367 ( 2.72%)      1.2711 ( 0.01%)      1.2712
  λ_3                0.9072 ( 1.62%)      0.9204 ( 0.19%)      0.9221
  λ_4                0.5553 (36.03%)      0.5508 (36.55%)      0.8680

  cos_1            0.999679            1.000000            1.000000
  cos_2            0.999684            0.999899            1.000000
  cos_3            0.984795            0.985430            1.000000
  cos_4            0.125863            0.132000            1.000000

  R²(V)            0.555010            0.558664            1.000000
  R²(X)            0.330096            0.330282            0.354514

  ── 误差归因（K=4，HE − 明文 mirror = FHE 增量） ──
    λ_1  总误差=3.22e-02  其中 迭代极限=2.15e-07 (0.0%)  FHE 增量=3.22e-02
    cos_1 总差=3.21e-04  其中 迭代极限=1.83e-07 (0.1%)  FHE 增量=3.21e-04
    λ_2  总误差=2.72e-02  其中 迭代极限=8.48e-05 (0.3%)  FHE 增量=2.71e-02
    cos_2 总差=3.16e-04  其中 迭代极限=1.01e-04 (32.0%)  FHE 增量=2.15e-04
    λ_3  总误差=1.62e-02  其中 迭代极限=1.95e-03 (12.0%)  FHE 增量=1.42e-02
    cos_3 总差=1.52e-02  其中 迭代极限=1.46e-02 (95.8%)  FHE 增量=6.35e-04
    λ_4  总误差=3.60e-01  其中 迭代极限=3.65e-01 (101.4%)  FHE 增量=0.00e+00
    cos_4 总差=8.74e-01  其中 迭代极限=8.68e-01 (99.3%)  FHE 增量=6.14e-03

  Server 耗时: 462320.6 ms

=== 完成 ===

