  Lanczos 单步最大深度估算 = 26  → levels_after_bootstrap = 30
  GUESS_SAFETY 未设置，将按 d=256 自动使用 4
=== FHE-PCA [bootstrap] (d=256, m_iter=8, Newton=3, Bootstrap=ON, FRO=ON(skip_first=2)) ===

[Phase 1] Client setup
  数据: 二进制真实数据集 data/fashion_16x16_N200.bin  (像素 /255 → [0,1])
  [dataset] 加载二进制 data/fashion_16x16_N200.bin  N=200  d=256  (像素归一化到 [0,1])
  CryptoContext + KeyGen 耗时: 23181.0 ms
  multiplicativeDepth = 52   numSlots = 16384
  trace(C) = 19.3216
  plaintext sim: α_0=0.005433  ||W||²=1.1374e-03  guess(safety=4.0)=1/√x=14.83
  per-iter Newton guess: ON  count=7  range=[9.431e-04, 3.828e-02]

[Phase 2] Server HE-Lanczos
  矩阵打包: Diagonal + BSGS (b=16, a=16, EvalRotate ≈ 32 次/matvec)
  aSOR: 关闭（标准 Newton 3 轮）；如需开启: ASOR_EPS=0.9 ASOR_ALPHA=4 ...
  耗时: 451799.1 ms
  Bootstrap 次数: 16   Bootstrap 累计耗时: 213505.9 ms
  α: 8  β: 7  V_all: 8

[Phase 3] Client post-processing
  T_8 =
0.0 0.0 0.0 0.0 0.0 0.0 0.0 0.0
0.0 0.3 0.0 0.0 0.0 0.0 0.0 0.0
0.0 0.0 0.2 0.1 0.0 0.0 0.0 0.0
0.0 0.0 0.1 0.1 0.0 0.0 0.0 0.0
0.0 0.0 0.0 0.0 0.1 0.0 0.0 0.0
0.0 0.0 0.0 0.0 0.0 0.1 0.0 0.0
0.0 0.0 0.0 0.0 0.0 0.0 0.0 0.0
0.0 0.0 0.0 0.0 0.0 0.0 0.0 0.0
  CW 保留特征值: 4

============================================================
  结果验证 (反归一化: ×19.32)
============================================================

  真实特征值:  λ_1=5.85  λ_2=4.12  λ_3=1.38  λ_4=1.22  λ_5=0.79

  #1  HE: 5.6644  真实: 5.8532  误差: 3.23%  cos_sim=0.9979

  #2  HE: 4.0055  真实: 4.1205  误差: 2.79%  cos_sim=0.9969

  #3  HE: 2.0192  真实: 1.3783  误差: 46.50%  cos_sim=0.8857

  #4  HE: 1.3872  真实: 1.2201  误差: 13.70%  cos_sim=0.6641

============================================================
  [评估指标] 对齐 Panda 2021 / Ma 2023
============================================================

  R²(V) 主成分相似度 = 0.7723  （越接近 1 越好）
  R²(X) 重建评分（密文 K=4）: 0.6224
  R²(X) 重建评分（明文 K=4）: 0.6507
  R²(X) 差距 = 0.0283  （越小越好）
  累计方差解释率（明文，前 4）= 0.6507

============================================================
  [对照表] HE 实测 vs 明文 mirror vs Eigen 真值
============================================================
  说明：明文 mirror = 同 m/同 FRO 的 Lanczos，但用 std::sqrt 替代 Newton、无噪声
        HE − 明文 mirror = FHE 增量误差（CKKS 噪声 + Newton 近似 + 实现细节）
        明文 mirror − Eigen 真值 = 迭代算法误差（B1 Krylov 不完备 + B2 浮点正交性）

  指标            HE 实测            明文 mirror         Eigen 真值
  ────────────────────────────────────────────────────────────────────────
  λ_1                5.6644 ( 3.23%)      5.8532 ( 0.00%)      5.8532
  λ_2                4.0055 ( 2.79%)      4.1205 ( 0.00%)      4.1205
  λ_3                2.0192 (46.50%)      1.3641 ( 1.03%)      1.3783
  λ_4                1.3872 (13.70%)      1.1357 ( 6.92%)      1.2201

  cos_1            0.997852            1.000000            1.000000
  cos_2            0.996927            1.000000            1.000000
  cos_3            0.885749            0.976350            1.000000
  cos_4            0.664139            0.931309            1.000000

  R²(V)            0.772333            0.953830            1.000000
  R²(X)            0.622411            0.645578            0.650684

  ── 误差归因（K=4，HE − 明文 mirror = FHE 增量） ──
    λ_1  总误差=3.23e-02  其中 迭代极限=1.03e-13 (0.0%)  FHE 增量=3.23e-02
    cos_1 总差=2.15e-03  其中 迭代极限=5.33e-14 (0.0%)  FHE 增量=2.15e-03
    λ_2  总误差=2.79e-02  其中 迭代极限=5.02e-11 (0.0%)  FHE 增量=2.79e-02
    cos_2 总差=3.07e-03  其中 迭代极限=2.80e-11 (0.0%)  FHE 增量=3.07e-03
    λ_3  总误差=4.65e-01  其中 迭代极限=1.03e-02 (2.2%)  FHE 增量=4.55e-01
    cos_3 总差=1.14e-01  其中 迭代极限=2.37e-02 (20.7%)  FHE 增量=9.06e-02
    λ_4  总误差=1.37e-01  其中 迭代极限=6.92e-02 (50.5%)  FHE 增量=6.78e-02
    cos_4 总差=3.36e-01  其中 迭代极限=6.87e-02 (20.5%)  FHE 增量=2.67e-01

  Server 耗时: 451799.1 ms

=== 完成 ===

