  Lanczos 单步最大深度估算 = 22  → levels_after_bootstrap = 26
  GUESS_SAFETY 未设置，将按 d=64 自动使用 2
=== FHE-PCA [bootstrap] (d=64, m_iter=8, Newton=2, Bootstrap=ON, FRO=ON(skip_first=2)) ===

[Phase 1] Client setup
  数据: 低秩合成集 N=300 rank=10 noise=0.5
  CryptoContext + KeyGen 耗时: 19060.4 ms
  multiplicativeDepth = 48   numSlots = 16384
  trace(C) = 222.1103
  plaintext sim: α_0=0.003191  ||W||²=6.0518e-04  guess(safety=2.0)=1/√x=28.74
  per-iter Newton guess: ON  count=7  range=[3.314e-05, 4.113e-02]

[Phase 2] Server HE-Lanczos
  矩阵打包: Diagonal + BSGS (b=8, a=8, EvalRotate ≈ 16 次/matvec)
  aSOR: 关闭（标准 Newton 2 轮）；如需开启: ASOR_EPS=0.9 ASOR_ALPHA=4 ...
  耗时: 242428.1 ms
  Bootstrap 次数: 15   Bootstrap 累计耗时: 172732.3 ms
  α: 8  β: 7  V_all: 8

[Phase 3] Client post-processing
  T_8 =
 0.0  0.0  0.0  0.0  0.0  0.0  0.0  0.0
 0.0  0.0  0.0  0.0  0.0  0.0  0.0  0.0
 0.0  0.0  0.0  0.0  0.0  0.0  0.0  0.0
 0.0  0.0  0.0  0.0 -0.0  0.0  0.0  0.0
 0.0  0.0  0.0 -0.0  0.0  0.0  0.0  0.0
 0.0  0.0  0.0  0.0  0.0  0.0 -0.0  0.0
 0.0  0.0  0.0  0.0  0.0 -0.0  0.1  0.0
 0.0  0.0  0.0  0.0  0.0  0.0  0.0  0.0
  CW 保留特征值: 4

============================================================
  结果验证 (反归一化: ×222.11)
============================================================

  真实特征值:  λ_1=110.46  λ_2=49.73  λ_3=25.88  λ_4=11.32  λ_5=5.21

  #1  HE: 10.6690  真实: 110.4552  误差: 90.34%  cos_sim=0.2913

  #2  HE: 6.1620  真实: 49.7302  误差: 87.61%  cos_sim=0.0006

  #3  HE: 0.4919  真实: 25.8843  误差: 98.10%  cos_sim=0.0342

  #4  HE: -1.8946  真实: 11.3201  误差: 116.74%  cos_sim=0.2732

============================================================
  [评估指标] 对齐 Panda 2021 / Ma 2023
============================================================

  R²(V) 主成分相似度 = -0.7003  （越接近 1 越好）
  R²(X) 重建评分（密文 K=4）: 0.1256
  R²(X) 重建评分（明文 K=4）: 0.8887
  R²(X) 差距 = 0.7631  （越小越好）
  累计方差解释率（明文，前 4）= 0.8887

============================================================
  [对照表] HE 实测 vs 明文 mirror vs Eigen 真值
============================================================
  说明：明文 mirror = 同 m/同 FRO 的 Lanczos，但用 std::sqrt 替代 Newton、无噪声
        HE − 明文 mirror = FHE 增量误差（CKKS 噪声 + Newton 近似 + 实现细节）
        明文 mirror − Eigen 真值 = 迭代算法误差（B1 Krylov 不完备 + B2 浮点正交性）

  指标            HE 实测            明文 mirror         Eigen 真值
  ────────────────────────────────────────────────────────────────────────
  λ_1               10.6690 (90.34%)    110.4552 ( 0.00%)    110.4552
  λ_2                6.1620 (87.61%)     49.7302 ( 0.00%)     49.7302
  λ_3                0.4919 (98.10%)     25.8843 ( 0.00%)     25.8843
  λ_4               -1.8946 (116.74%)     11.3199 ( 0.00%)     11.3201

  cos_1            0.291309            1.000000            1.000000
  cos_2            0.000636            1.000000            1.000000
  cos_3            0.034249            1.000000            1.000000
  cos_4            0.273178            0.999988            1.000000

  R²(V)           -0.700314            0.999994            1.000000
  R²(X)            0.125626            0.888701            0.888702

  ── 误差归因（K=4，HE − 明文 mirror = FHE 增量） ──
    λ_1  总误差=9.03e-01  其中 迭代极限=5.15e-16 (0.0%)  FHE 增量=9.03e-01
    cos_1 总差=7.09e-01  其中 迭代极限=0.00e+00 (0.0%)  FHE 增量=7.09e-01
    λ_2  总误差=8.76e-01  其中 迭代极限=1.99e-10 (0.0%)  FHE 增量=8.76e-01
    cos_2 总差=9.99e-01  其中 迭代极限=1.02e-10 (0.0%)  FHE 增量=9.99e-01
    λ_3  总误差=9.81e-01  其中 迭代极限=4.87e-10 (0.0%)  FHE 增量=9.81e-01
    cos_3 总差=9.66e-01  其中 迭代极限=2.56e-10 (0.0%)  FHE 增量=9.66e-01
    λ_4  总误差=1.17e+00  其中 迭代极限=2.00e-05 (0.0%)  FHE 增量=1.17e+00
    cos_4 总差=7.27e-01  其中 迭代极限=1.18e-05 (0.0%)  FHE 增量=7.27e-01

  Server 耗时: 242428.1 ms

=== 完成 ===

