  Lanczos 单步最大深度估算 = 22  → levels_after_bootstrap = 26
  GUESS_SAFETY 未设置，将按 d=10 自动使用 1
=== FHE-PCA [bootstrap] (d=10, m_iter=8, Newton=2, Bootstrap=ON, FRO=ON(skip_first=2)) ===

[Phase 1] Client setup
  数据: 低秩合成集 N=200 rank=5 noise=0.1
  CryptoContext + KeyGen 耗时: 4112.4 ms
  multiplicativeDepth = 48   numSlots = 16384
  trace(C) = 183.6389
  plaintext sim: α_0=0.060536  ||W||²=6.9926e-03  guess(safety=1.0)=1/√x=11.96
  per-iter Newton guess: ON  count=7  range=[5.970e-11, 2.551e-02]

[Phase 2] Server HE-Lanczos
  aSOR: 关闭（标准 Newton 2 轮）；如需开启: ASOR_EPS=0.9 ASOR_ALPHA=4 ...
  耗时: 95803.8 ms
  Bootstrap 次数: 16   Bootstrap 累计耗时: 60002.6 ms
  α: 8  β: 7  V_all: 8

[Phase 3] Client post-processing
  T_8 =
0.1 0.1 0.0 0.0 0.0 0.0 0.0 0.0
0.1 0.2 0.2 0.0 0.0 0.0 0.0 0.0
0.0 0.2 0.3 0.1 0.0 0.0 0.0 0.0
0.0 0.0 0.1 0.1 0.1 0.0 0.0 0.0
0.0 0.0 0.0 0.1 0.2 0.0 0.0 0.0
0.0 0.0 0.0 0.0 0.0 0.1 0.0 0.0
0.0 0.0 0.0 0.0 0.0 0.0 0.0 0.0
0.0 0.0 0.0 0.0 0.0 0.0 0.0 0.0
  CW 保留特征值: 3

============================================================
  结果验证 (反归一化: ×183.64)
============================================================

  真实特征值:  λ_1=85.99  λ_2=52.19  λ_3=29.81  λ_4=10.91

  #1  HE: 85.9860  真实: 85.9860  误差: 0.00%  cos_sim=1.0000

  #2  HE: 52.1876  真实: 52.1866  误差: 0.00%  cos_sim=1.0000

  #3  HE: 29.8116  真实: 29.8114  误差: 0.00%  cos_sim=1.0000

============================================================
  [评估指标] 对齐 Panda 2021 / Ma 2023
============================================================

  R²(V) 主成分相似度 = 1.0000  （越接近 1 越好）
  R²(X) 重建评分（密文 K=3）: 0.9148
  R²(X) 重建评分（明文 K=3）: 0.9148
  R²(X) 差距 = 0.0000  （越小越好）
  累计方差解释率（明文，前 3）= 0.9148

  Server 耗时: 95803.8 ms

=== 完成 ===

