  Lanczos 单步最大深度估算 = 38  → levels_after_bootstrap = 42
  GUESS_SAFETY 未设置，将按 d=256 自动使用 4
=== FHE-PCA [bootstrap] (d=256, m_iter=12, Newton=4, Bootstrap=ON, FRO=ON(skip_first=2)) ===

[Phase 1] Client setup
  数据: 二进制真实数据集 data/fashion_16x16_full.bin  (像素 /255 → [0,1])
  [dataset] 加载二进制 data/fashion_16x16_full.bin  N=60000  d=256  (像素归一化到 [0,1])
  CryptoContext + KeyGen 耗时: 7101.2 ms
  multiplicativeDepth = 64   numSlots = 16384
  trace(C) = 19.2414
  plaintext sim: α_0=0.005262  ||W||²=1.1465e-03  guess(safety=4.0)=1/√x=14.77
  per-iter Newton guess: ON  count=11  range=[2.976e-04, 3.109e-02]

[Phase 2] Server HE-Lanczos
  矩阵打包: Diagonal + BSGS (b=16, a=16, EvalRotate ≈ 32 次/matvec)
  aSOR: 关闭（标准 Newton 4 轮）；如需开启: ASOR_EPS=0.9 ASOR_ALPHA=4 ...
  耗时: 358573.7 ms
  Bootstrap 次数: 24   Bootstrap 累计耗时: 182817.5 ms
  α: 12  β: 11  V_all: 12

[Phase 3] Client post-processing
  T_12 =
0.0 0.0 0.0 0.0 0.0 0.0 0.0 0.0 0.0 0.0 0.0 0.0
0.0 0.3 0.1 0.0 0.0 0.0 0.0 0.0 0.0 0.0 0.0 0.0
0.0 0.1 0.1 0.1 0.0 0.0 0.0 0.0 0.0 0.0 0.0 0.0
0.0 0.0 0.1 0.1 0.0 0.0 0.0 0.0 0.0 0.0 0.0 0.0
0.0 0.0 0.0 0.0 0.0 0.0 0.0 0.0 0.0 0.0 0.0 0.0
0.0 0.0 0.0 0.0 0.0 0.0 0.0 0.0 0.0 0.0 0.0 0.0
0.0 0.0 0.0 0.0 0.0 0.0 0.0 0.0 0.0 0.0 0.0 0.0
0.0 0.0 0.0 0.0 0.0 0.0 0.0 0.0 0.0 0.0 0.0 0.0
0.0 0.0 0.0 0.0 0.0 0.0 0.0 0.0 0.0 0.0 0.0 0.0
0.0 0.0 0.0 0.0 0.0 0.0 0.0 0.0 0.0 0.0 0.0 0.0
0.0 0.0 0.0 0.0 0.0 0.0 0.0 0.0 0.0 0.0 0.0 0.0
0.0 0.0 0.0 0.0 0.0 0.0 0.0 0.0 0.0 0.0 0.0 0.0
  CW 保留特征值: 4

  [V_k 漂移诊断] HE 解密 V_k vs 明文 Newton/√x mirror
    iter   cos(HE,NewtonMirror)   cos(HE,sqrtMirror)   ||V_k(HE)||
       0      1.000000             1.000000            1.0000
       1      1.000000             1.000000            0.9991
       2      0.999999             0.999941            0.9992
       3      0.999998             0.999994            0.9990
       4      0.999978             0.999946            0.9991
       5      0.999547             0.999528            1.0023
       6      0.944580             0.944596            1.0827
       7      0.000000             0.000000            0.0000
       8      0.000000             0.000000            0.0000
       9      0.000000             0.000000            0.0000
      10      0.000000             0.000000            0.0000
      11      0.000000             0.000000            0.0000

============================================================
  结果验证 (反归一化: ×19.24)
============================================================

  真实特征值:  λ_1=6.24  λ_2=3.79  λ_3=1.27  λ_4=1.03  λ_5=0.83

  #1  HE: 6.2313  真实: 6.2412  误差: 0.16%  cos_sim=1.0000

  #2  HE: 3.7933  真实: 3.7929  误差: 0.01%  cos_sim=1.0000

  #3  HE: 1.2811  真实: 1.2747  误差: 0.50%  cos_sim=0.9839

  #4  HE: 0.8071  真实: 1.0266  误差: 21.38%  cos_sim=0.4513

============================================================
  [评估指标] 对齐 Panda 2021 / Ma 2023
============================================================

  R²(V) 主成分相似度 = 0.7176  （越接近 1 越好）
  R²(X) 重建评分（密文 K=4）: 0.6264
  R²(X) 重建评分（明文 K=4）: 0.6411
  R²(X) 差距 = 0.0147  （越小越好）
  累计方差解释率（明文，前 4）= 0.6411

============================================================
  [对照表] HE 实测 vs 明文 mirror vs Eigen 真值
============================================================
  说明：明文 mirror = 同 m/同 FRO 的 Lanczos，但用 std::sqrt 替代 Newton、无噪声
        HE − 明文 mirror = FHE 增量误差（CKKS 噪声 + Newton 近似 + 实现细节）
        明文 mirror − Eigen 真值 = 迭代算法误差（B1 Krylov 不完备 + B2 浮点正交性）

  指标            HE 实测            明文 mirror         Eigen 真值
  ────────────────────────────────────────────────────────────────────────
  λ_1                6.2313 ( 0.16%)      6.2412 ( 0.00%)      6.2412
  λ_2                3.7933 ( 0.01%)      3.7929 ( 0.00%)      3.7929
  λ_3                1.2811 ( 0.50%)      1.2747 ( 0.00%)      1.2747
  λ_4                0.8071 (21.38%)      1.0266 ( 0.00%)      1.0266

  cos_1            0.999999            1.000000            1.000000
  cos_2            0.999998            1.000000            1.000000
  cos_3            0.983855            1.000000            1.000000
  cos_4            0.451298            0.999995            1.000000

  R²(V)            0.717575            0.999997            1.000000
  R²(X)            0.626432            0.641087            0.641087

  ── 误差归因（K=4，HE − 明文 mirror = FHE 增量） ──
    λ_1  总误差=1.60e-03  其中 迭代极限=1.42e-16 (0.0%)  FHE 增量=1.60e-03
    cos_1 总差=7.98e-07  其中 迭代极限=0.00e+00 (0.0%)  FHE 增量=7.98e-07
    λ_2  总误差=1.06e-04  其中 迭代极限=7.03e-16 (0.0%)  FHE 增量=1.06e-04
    cos_2 总差=1.75e-06  其中 迭代极限=0.00e+00 (0.0%)  FHE 增量=1.75e-06
    λ_3  总误差=5.00e-03  其中 迭代极限=7.62e-09 (0.0%)  FHE 增量=5.00e-03
    cos_3 总差=1.61e-02  其中 迭代极限=4.73e-09 (0.0%)  FHE 增量=1.61e-02
    λ_4  总误差=2.14e-01  其中 迭代极限=7.94e-06 (0.0%)  FHE 增量=2.14e-01
    cos_4 总差=5.49e-01  其中 迭代极限=5.39e-06 (0.0%)  FHE 增量=5.49e-01

  Server 耗时: 358573.7 ms
  [viz] 导出可视化数据 → experiments/viz/fashion_train60k_d256_m12_newton4.bin  (d=256, K=4, N_samples=16)

=== 完成 ===

