  Lanczos 单步最大深度估算 = 38  → levels_after_bootstrap = 42
  GUESS_SAFETY 未设置，将按 d=256 自动使用 4
=== FHE-PCA [bootstrap] (d=256, m_iter=12, Newton=4, Bootstrap=ON, FRO=ON(skip_first=2)) ===

[Phase 1] Client setup
  数据: 二进制真实数据集 data/mnist_16x16_train_full.bin  (像素 /255 → [0,1])
  [dataset] 加载二进制 data/mnist_16x16_train_full.bin  N=60000  d=256  (像素归一化到 [0,1])
  CryptoContext + KeyGen 耗时: 7650.8 ms
  multiplicativeDepth = 64   numSlots = 16384
  trace(C) = 14.3235
  plaintext sim: α_0=0.004498  ||W||²=1.5817e-04  guess(safety=4.0)=1/√x=39.76
  per-iter Newton guess: ON  count=11  range=[6.327e-04, 6.462e-03]

[Phase 2] Server HE-Lanczos
  矩阵打包: Diagonal + BSGS (b=16, a=16, EvalRotate ≈ 32 次/matvec)
  aSOR: 关闭（标准 Newton 4 轮）；如需开启: ASOR_EPS=0.9 ASOR_ALPHA=4 ...
  耗时: 374892.8 ms
  Bootstrap 次数: 24   Bootstrap 累计耗时: 164994.6 ms
  α: 12  β: 11  V_all: 12

[Phase 3] Client post-processing
  T_12 =
0.0 0.0 0.0 0.0 0.0 0.0 0.0 0.0 0.0 0.0 0.0 0.0
0.0 0.1 0.0 0.0 0.0 0.0 0.0 0.0 0.0 0.0 0.0 0.0
0.0 0.0 0.1 0.0 0.0 0.0 0.0 0.0 0.0 0.0 0.0 0.0
0.0 0.0 0.0 0.1 0.0 0.0 0.0 0.0 0.0 0.0 0.0 0.0
0.0 0.0 0.0 0.0 0.0 0.0 0.0 0.0 0.0 0.0 0.0 0.0
0.0 0.0 0.0 0.0 0.0 0.0 0.0 0.0 0.0 0.0 0.0 0.0
0.0 0.0 0.0 0.0 0.0 0.0 0.0 0.0 0.0 0.0 0.0 0.0
0.0 0.0 0.0 0.0 0.0 0.0 0.0 0.0 0.0 0.0 0.0 0.0
0.0 0.0 0.0 0.0 0.0 0.0 0.0 0.0 0.1 0.0 0.0 0.0
0.0 0.0 0.0 0.0 0.0 0.0 0.0 0.0 0.0 0.0 0.0 0.0
0.0 0.0 0.0 0.0 0.0 0.0 0.0 0.0 0.0 0.0 0.0 0.0
0.0 0.0 0.0 0.0 0.0 0.0 0.0 0.0 0.0 0.0 0.0 0.0
  CW 保留特征值: 4

  [V_k 漂移诊断] HE 解密 V_k vs 明文 Newton/√x mirror
    iter   cos(HE,NewtonMirror)   cos(HE,sqrtMirror)   ||V_k(HE)||
       0      1.000000             1.000000            1.0000
       1      1.000000             1.000000            0.9991
       2      0.999999             0.999992            0.9991
       3      0.999994             0.999987            0.9991
       4      0.999970             0.999965            0.9993
       5      0.999918             0.999910            0.9989
       6      0.999372             0.999376            1.0037
       7      0.991008             0.991030            1.0097
       8      0.649628             0.649503            1.5933
       9      0.000000             0.000000            0.0000
      10      0.000000             0.000000            0.0000
      11      0.000000             0.000000            0.0000

============================================================
  结果验证 (反归一化: ×14.32)
============================================================

  真实特征值:  λ_1=1.71  λ_2=1.13  λ_3=1.02  λ_4=0.87  λ_5=0.77

  #1  HE: 1.7106  真实: 1.7128  误差: 0.12%  cos_sim=1.0000

  #2  HE: 1.1246  真实: 1.1266  误差: 0.18%  cos_sim=0.9958

  #3  HE: 0.8351  真实: 1.0222  误差: 18.30%  cos_sim=0.1299

  #4  HE: 0.6034  真实: 0.8674  误差: 30.44%  cos_sim=0.2268

============================================================
  [评估指标] 对齐 Panda 2021 / Ma 2023
============================================================

  R²(V) 主成分相似度 = 0.1763  （越接近 1 越好）
  R²(X) 重建评分（密文 K=4）: 0.2971
  R²(X) 重建评分（明文 K=4）: 0.3301
  R²(X) 差距 = 0.0331  （越小越好）
  累计方差解释率（明文，前 4）= 0.3301

============================================================
  [对照表] HE 实测 vs 明文 mirror vs Eigen 真值
============================================================
  说明：明文 mirror = 同 m/同 FRO 的 Lanczos，但用 std::sqrt 替代 Newton、无噪声
        HE − 明文 mirror = FHE 增量误差（CKKS 噪声 + Newton 近似 + 实现细节）
        明文 mirror − Eigen 真值 = 迭代算法误差（B1 Krylov 不完备 + B2 浮点正交性）

  指标            HE 实测            明文 mirror         Eigen 真值
  ────────────────────────────────────────────────────────────────────────
  λ_1                1.7106 ( 0.12%)      1.7128 ( 0.00%)      1.7128
  λ_2                1.1246 ( 0.18%)      1.1266 ( 0.00%)      1.1266
  λ_3                0.8351 (18.30%)      1.0205 ( 0.16%)      1.0222
  λ_4                0.6034 (30.44%)      0.8660 ( 0.16%)      0.8674

  cos_1            0.999998            1.000000            1.000000
  cos_2            0.995834            0.999999            1.000000
  cos_3            0.129940            0.998565            1.000000
  cos_4            0.226826            0.997922            1.000000

  R²(V)            0.176299            0.998243            1.000000
  R²(X)            0.297098            0.329936            0.330149

  ── 误差归因（K=4，HE − 明文 mirror = FHE 增量） ──
    λ_1  总误差=1.24e-03  其中 迭代极限=5.78e-14 (0.0%)  FHE 增量=1.24e-03
    cos_1 总差=2.22e-06  其中 迭代极限=3.49e-14 (0.0%)  FHE 增量=2.22e-06
    λ_2  总误差=1.77e-03  其中 迭代极限=1.33e-06 (0.1%)  FHE 增量=1.76e-03
    cos_2 总差=4.17e-03  其中 迭代极限=1.14e-06 (0.0%)  FHE 增量=4.16e-03
    λ_3  总误差=1.83e-01  其中 迭代极限=1.64e-03 (0.9%)  FHE 增量=1.81e-01
    cos_3 总差=8.70e-01  其中 迭代极限=1.43e-03 (0.2%)  FHE 增量=8.69e-01
    λ_4  总误差=3.04e-01  其中 迭代极限=1.59e-03 (0.5%)  FHE 增量=3.03e-01
    cos_4 总差=7.73e-01  其中 迭代极限=2.08e-03 (0.3%)  FHE 增量=7.71e-01

  Server 耗时: 374892.8 ms
  [viz] 导出可视化数据 → experiments/viz/mnist_train60k_d256_m12_newton4.bin  (d=256, K=4, N_samples=16)

=== 完成 ===

