  Lanczos 单步最大深度估算 = 38  → levels_after_bootstrap = 42
  GUESS_SAFETY 未设置，将按 d=256 自动使用 4
=== FHE-PCA [bootstrap] (d=256, m_iter=12, Newton=4, Bootstrap=ON, FRO=ON(skip_first=2)) ===

[Phase 1] Client setup
  数据: 二进制真实数据集 data/yale_16x16.bin  (像素 /255 → [0,1])
  [dataset] 加载二进制 data/yale_16x16.bin  N=165  d=256  (像素归一化到 [0,1])
  CryptoContext + KeyGen 耗时: 28532.5 ms
  multiplicativeDepth = 64   numSlots = 16384
  trace(C) = 11.5229
  plaintext sim: α_0=0.004942  ||W||²=5.1944e-04  guess(safety=4.0)=1/√x=21.94
  per-iter Newton guess: ON  count=11  range=[5.423e-04, 1.752e-02]

[Phase 2] Server HE-Lanczos
  矩阵打包: Diagonal + BSGS (b=16, a=16, EvalRotate ≈ 32 次/matvec)
  aSOR: 关闭（标准 Newton 4 轮）；如需开启: ASOR_EPS=0.9 ASOR_ALPHA=4 ...
  耗时: 1117730.8 ms
  Bootstrap 次数: 24   Bootstrap 累计耗时: 459448.5 ms
  α: 12  β: 11  V_all: 12

[Phase 3] Client post-processing
  T_12 =
0.0 0.0 0.0 0.0 0.0 0.0 0.0 0.0 0.0 0.0 0.0 0.0
0.0 0.2 0.1 0.0 0.0 0.0 0.0 0.0 0.0 0.0 0.0 0.0
0.0 0.1 0.1 0.0 0.0 0.0 0.0 0.0 0.0 0.0 0.0 0.0
0.0 0.0 0.0 0.1 0.0 0.0 0.0 0.0 0.0 0.0 0.0 0.0
0.0 0.0 0.0 0.0 0.1 0.0 0.0 0.0 0.0 0.0 0.0 0.0
0.0 0.0 0.0 0.0 0.0 0.1 0.0 0.0 0.0 0.0 0.0 0.0
0.0 0.0 0.0 0.0 0.0 0.0 0.1 0.0 0.0 0.0 0.0 0.0
0.0 0.0 0.0 0.0 0.0 0.0 0.0 0.1 0.0 0.0 0.0 0.0
0.0 0.0 0.0 0.0 0.0 0.0 0.0 0.0 0.0 0.0 0.0 0.0
0.0 0.0 0.0 0.0 0.0 0.0 0.0 0.0 0.0 0.0 0.0 0.0
0.0 0.0 0.0 0.0 0.0 0.0 0.0 0.0 0.0 0.0 0.0 0.0
0.0 0.0 0.0 0.0 0.0 0.0 0.0 0.0 0.0 0.0 0.0 0.0
  CW 保留特征值: 4

  [V_k 漂移诊断] HE 解密 V_k vs 明文 Newton/√x mirror
    iter   cos(HE,NewtonMirror)   cos(HE,sqrtMirror)   ||V_k(HE)||
       0      1.000000             1.000000            1.0000
       1      1.000000             1.000000            0.9991
       2      0.999999             0.999988            0.9992
       3      0.999985             0.999956            0.9990
       4      0.999981             0.999978            0.9995
       5      0.999861             0.999839            1.0000
       6      0.998802             0.998816            1.0027
       7      0.978658             0.978799            1.0355
       8      0.000000             0.000000            0.0000
       9      0.000000             0.000000            0.0000
      10      0.000000             0.000000            0.0000
      11      0.000000             0.000000            0.0000

============================================================
  结果验证 (反归一化: ×11.52)
============================================================

  真实特征值:  λ_1=2.43  λ_2=2.14  λ_3=1.54  λ_4=0.81  λ_5=0.80

  #1  HE: 2.4272  真实: 2.4307  误差: 0.14%  cos_sim=1.0000

  #2  HE: 2.1339  真实: 2.1376  误差: 0.18%  cos_sim=0.9999

  #3  HE: 1.5139  真实: 1.5404  误差: 1.72%  cos_sim=0.9922

  #4  HE: 0.7948  真实: 0.8101  误差: 1.89%  cos_sim=0.7152

============================================================
  [评估指标] 对齐 Panda 2021 / Ma 2023
============================================================

  R²(V) 主成分相似度 = 0.8536  （越接近 1 越好）
  R²(X) 重建评分（密文 K=4）: 0.5975
  R²(X) 重建评分（明文 K=4）: 0.6004
  R²(X) 差距 = 0.0029  （越小越好）
  累计方差解释率（明文，前 4）= 0.6004

============================================================
  [对照表] HE 实测 vs 明文 mirror vs Eigen 真值
============================================================
  说明：明文 mirror = 同 m/同 FRO 的 Lanczos，但用 std::sqrt 替代 Newton、无噪声
        HE − 明文 mirror = FHE 增量误差（CKKS 噪声 + Newton 近似 + 实现细节）
        明文 mirror − Eigen 真值 = 迭代算法误差（B1 Krylov 不完备 + B2 浮点正交性）

  指标            HE 实测            明文 mirror         Eigen 真值
  ────────────────────────────────────────────────────────────────────────
  λ_1                2.4272 ( 0.14%)      2.4307 ( 0.00%)      2.4307
  λ_2                2.1339 ( 0.18%)      2.1376 ( 0.00%)      2.1376
  λ_3                1.5139 ( 1.72%)      1.5404 ( 0.00%)      1.5404
  λ_4                0.7948 ( 1.89%)      0.8091 ( 0.13%)      0.8101

  cos_1            0.999999            1.000000            1.000000
  cos_2            0.999877            1.000000            1.000000
  cos_3            0.992212            1.000000            1.000000
  cos_4            0.715198            0.987588            1.000000

  R²(V)            0.853643            0.993794            1.000000
  R²(X)            0.597524            0.600350            0.600439

  ── 误差归因（K=4，HE − 明文 mirror = FHE 增量） ──
    λ_1  总误差=1.44e-03  其中 迭代极限=1.83e-16 (0.0%)  FHE 增量=1.44e-03
    cos_1 总差=1.07e-06  其中 迭代极限=2.22e-16 (0.0%)  FHE 增量=1.07e-06
    λ_2  总误差=1.75e-03  其中 迭代极限=1.20e-13 (0.0%)  FHE 增量=1.75e-03
    cos_2 总差=1.23e-04  其中 迭代极限=6.54e-14 (0.0%)  FHE 增量=1.23e-04
    λ_3  总误差=1.72e-02  其中 迭代极限=4.53e-10 (0.0%)  FHE 增量=1.72e-02
    cos_3 总差=7.79e-03  其中 迭代极限=2.65e-10 (0.0%)  FHE 增量=7.79e-03
    λ_4  总误差=1.89e-02  其中 迭代极限=1.26e-03 (6.7%)  FHE 增量=1.76e-02
    cos_4 总差=2.85e-01  其中 迭代极限=1.24e-02 (4.4%)  FHE 增量=2.72e-01

  Server 耗时: 1117730.8 ms
  [viz] 导出可视化数据 → experiments/viz/yale_d256_m12_newton4.bin  (d=256, K=4, N_samples=12)

=== 完成 ===

