=== 明文 mirror (d=256, m_iter=8, K=4, FRO=ON(skip_first=2)) ===
  说明：与 bootstrap 模式同 (C, v₀)，但全程明文，用 std::sqrt 替代 Newton
  数据：低秩合成集 N=2000 rank=30 noise=2
  trace(C) = 1217.1831

  T_8 =
0.0037 0.0030 0.0000 0.0000 0.0000 0.0000 0.0000 0.0000
0.0030 0.0367 0.0244 0.0000 0.0000 0.0000 0.0000 0.0000
0.0000 0.0244 0.0528 0.0283 0.0000 0.0000 0.0000 0.0000
0.0000 0.0000 0.0283 0.0390 0.0153 0.0000 0.0000 0.0000
0.0000 0.0000 0.0000 0.0153 0.0264 0.0030 0.0000 0.0000
0.0000 0.0000 0.0000 0.0000 0.0030 0.0049 0.0025 0.0000
0.0000 0.0000 0.0000 0.0000 0.0000 0.0025 0.0079 0.0032
0.0000 0.0000 0.0000 0.0000 0.0000 0.0000 0.0032 0.0081
  耗时: 0.13 ms

============================================================
  [对照表] 明文 mirror vs Eigen 真值（同 (C, v₀)）
============================================================
  指标            明文 mirror         Eigen 真值          相对误差
  ────────────────────────────────────────────────────────────────────────
  λ_1              102.920647            102.920647          9.91e-14
  λ_2               53.498305             53.498305          4.98e-10
  λ_3               28.677105             28.677124          6.48e-07
  λ_4               14.255832             15.817184          9.87e-02

  cos_1            1.00000000            1.00000000          5.35e-14
  cos_2            1.00000000            1.00000000          3.05e-10
  cos_3            0.99999946            1.00000000          5.38e-07
  cos_4            0.85624694            1.00000000          1.44e-01

  R²(V)            0.92812320            1.00000000          7.19e-02
  R²(X)            0.16378135            0.16506412          1.28e-03

=== 完成 ===

