  Lanczos 单步最大深度估算 = 22  → levels_after_bootstrap = 26
  GUESS_SAFETY 未设置，将按 d=10 自动使用 1
=== FHE-PCA [bootstrap] (d=10, m_iter=8, Newton=2, Bootstrap=ON, FRO=ON(skip_first=2)) ===

[Phase 1] Client setup
  数据: 低秩合成集 N=500 rank=5 noise=0.1
  CryptoContext + KeyGen 耗时: 18582.0 ms
  multiplicativeDepth = 48   numSlots = 16384
  trace(C) = 188.4264
  plaintext sim: α_0=0.072128  ||W||²=6.9328e-03  guess(safety=1.0)=1/√x=12.01
  per-iter Newton guess: ON  count=7  range=[3.790e-12, 4.329e-02]

[Phase 2] Server HE-Lanczos
  aSOR: 关闭（标准 Newton 2 轮）；如需开启: ASOR_EPS=0.9 ASOR_ALPHA=4 ...
  耗时: 324682.1 ms
  Bootstrap 次数: 16   Bootstrap 累计耗时: 210496.1 ms
  α: 8  β: 7  V_all: 8

[Phase 3] Client post-processing
  T_8 =
0.1 0.1 0.0 0.0 0.0 0.0 0.0 0.0
0.1 0.1 0.1 0.0 0.0 0.0 0.0 0.0
0.0 0.1 0.2 0.1 0.0 0.0 0.0 0.0
0.0 0.0 0.1 0.3 0.2 0.0 0.0 0.0
0.0 0.0 0.0 0.2 0.3 0.0 0.0 0.0
0.0 0.0 0.0 0.0 0.0 0.0 0.0 0.0
0.0 0.0 0.0 0.0 0.0 0.0 0.0 0.0
0.0 0.0 0.0 0.0 0.0 0.0 0.0 0.0
  CW 保留特征值: 3

============================================================
  结果验证 (反归一化: ×188.43)
============================================================

  真实特征值:  λ_1=97.63  λ_2=47.53  λ_3=27.02  λ_4=11.09

  #1  HE: 97.6019  真实: 97.6315  误差: 0.03%  cos_sim=1.0000

  #2  HE: 47.5325  真实: 47.5317  误差: 0.00%  cos_sim=1.0000

  #3  HE: 27.0341  真实: 27.0247  误差: 0.03%  cos_sim=1.0000

============================================================
  [评估指标] 对齐 Panda 2021 / Ma 2023
============================================================

  R²(V) 主成分相似度 = 1.0000  （越接近 1 越好）
  R²(X) 重建评分（密文 K=3）: 0.9138
  R²(X) 重建评分（明文 K=3）: 0.9138
  R²(X) 差距 = 0.0000  （越小越好）
  累计方差解释率（明文，前 3）= 0.9138

============================================================
  [对照表] HE 实测 vs 明文 mirror vs Eigen 真值
============================================================
  说明：明文 mirror = 同 m/同 FRO 的 Lanczos，但用 std::sqrt 替代 Newton、无噪声
        HE − 明文 mirror = FHE 增量误差（CKKS 噪声 + Newton 近似 + 实现细节）
        明文 mirror − Eigen 真值 = 迭代算法误差（B1 Krylov 不完备 + B2 浮点正交性）

  指标            HE 实测            明文 mirror         Eigen 真值
  ────────────────────────────────────────────────────────────────────────
  λ_1               97.6019 ( 0.03%)     97.6315 ( 0.00%)     97.6315
  λ_2               47.5325 ( 0.00%)     47.5317 ( 0.00%)     47.5317
  λ_3               27.0341 ( 0.03%)     27.0247 ( 0.00%)     27.0247

  cos_1            1.000000            1.000000            1.000000
  cos_2            1.000000            1.000000            1.000000
  cos_3            1.000000            1.000000            1.000000

  R²(V)            1.000000            1.000000            1.000000
  R²(X)            0.913820            0.913820            0.913820

  ── 误差归因（K=3，HE − 明文 mirror = FHE 增量） ──
    λ_1  总误差=3.03e-04  其中 迭代极限=1.16e-15 (0.0%)  FHE 增量=3.03e-04
    cos_1 总差=1.18e-07  其中 迭代极限=0.00e+00 (0.0%)  FHE 增量=1.18e-07
    λ_2  总误差=1.88e-05  其中 迭代极限=1.64e-15 (0.0%)  FHE 增量=1.88e-05
    cos_2 总差=4.52e-08  其中 迭代极限=2.22e-16 (0.0%)  FHE 增量=4.52e-08
    λ_3  总误差=3.47e-04  其中 迭代极限=2.63e-16 (0.0%)  FHE 增量=3.47e-04
    cos_3 总差=4.47e-07  其中 迭代极限=0.00e+00 (0.0%)  FHE 增量=4.47e-07

  Server 耗时: 324682.1 ms

=== 完成 ===

