=== 明文 mirror (d=256, m_iter=12, K=4, FRO=ON(skip_first=2)) ===
  说明：与 bootstrap 模式同 (C, v₀)，但全程明文，用 std::sqrt 替代 Newton
  数据：二进制真实数据集 data/fashion_16x16_full.bin  (像素 /255 → [0,1])
  [dataset] 加载二进制 data/fashion_16x16_full.bin  N=60000  d=256  (像素归一化到 [0,1])
  trace(C) = 19.2414

  T_12 =
0.0053 0.0339 0.0000 0.0000 0.0000 0.0000 0.0000 0.0000 0.0000 0.0000 0.0000 0.0000
0.0339 0.3029 0.0511 0.0000 0.0000 0.0000 0.0000 0.0000 0.0000 0.0000 0.0000 0.0000
0.0000 0.0511 0.1449 0.0882 0.0000 0.0000 0.0000 0.0000 0.0000 0.0000 0.0000 0.0000
0.0000 0.0000 0.0882 0.0910 0.0222 0.0000 0.0000 0.0000 0.0000 0.0000 0.0000 0.0000
0.0000 0.0000 0.0000 0.0222 0.0461 0.0184 0.0000 0.0000 0.0000 0.0000 0.0000 0.0000
0.0000 0.0000 0.0000 0.0000 0.0184 0.0341 0.0176 0.0000 0.0000 0.0000 0.0000 0.0000
0.0000 0.0000 0.0000 0.0000 0.0000 0.0176 0.0242 0.0127 0.0000 0.0000 0.0000 0.0000
0.0000 0.0000 0.0000 0.0000 0.0000 0.0000 0.0127 0.0410 0.0135 0.0000 0.0000 0.0000
0.0000 0.0000 0.0000 0.0000 0.0000 0.0000 0.0000 0.0135 0.0179 0.0121 0.0000 0.0000
0.0000 0.0000 0.0000 0.0000 0.0000 0.0000 0.0000 0.0000 0.0121 0.0270 0.0136 0.0000
0.0000 0.0000 0.0000 0.0000 0.0000 0.0000 0.0000 0.0000 0.0000 0.0136 0.0260 0.0086
0.0000 0.0000 0.0000 0.0000 0.0000 0.0000 0.0000 0.0000 0.0000 0.0000 0.0086 0.0124
  耗时: 0.12 ms

============================================================
  [对照表] 明文 mirror vs Eigen 真值（同 (C, v₀)）
============================================================
  指标            明文 mirror         Eigen 真值          相对误差
  ────────────────────────────────────────────────────────────────────────
  λ_1                6.241241              6.241241          1.42e-16
  λ_2                3.792918              3.792918          7.03e-16
  λ_3                1.274702              1.274702          7.62e-09
  λ_4                1.026551              1.026559          7.94e-06

  cos_1            1.00000000            1.00000000          0.00e+00
  cos_2            1.00000000            1.00000000          0.00e+00
  cos_3            1.00000000            1.00000000          4.73e-09
  cos_4            0.99999461            1.00000000          5.39e-06

  R²(V)            0.99999730            1.00000000          2.70e-06
  R²(X)            0.64108678            0.64108721          4.24e-07

=== 完成 ===

