=== 明文 mirror (d=256, m_iter=8, K=4, FRO=ON(skip_first=2)) ===
  说明：与 bootstrap 模式同 (C, v₀)，但全程明文，用 std::sqrt 替代 Newton
  数据：二进制真实数据集 data/mnist_16x16_N200.bin
  [dataset] 加载二进制 data/mnist_16x16_N200.bin  N=200  d=256  (像素归一化到 [0,1])
  trace(C) = 13.1685

  T_8 =
0.0045 0.0126 0.0000 0.0000 0.0000 0.0000 0.0000 0.0000
0.0126 0.0742 0.0404 0.0000 0.0000 0.0000 0.0000 0.0000
0.0000 0.0404 0.0695 0.0305 0.0000 0.0000 0.0000 0.0000
0.0000 0.0000 0.0305 0.0579 0.0251 0.0000 0.0000 0.0000
0.0000 0.0000 0.0000 0.0251 0.0500 0.0276 0.0000 0.0000
0.0000 0.0000 0.0000 0.0000 0.0276 0.0647 0.0253 0.0000
0.0000 0.0000 0.0000 0.0000 0.0000 0.0253 0.0309 0.0136
0.0000 0.0000 0.0000 0.0000 0.0000 0.0000 0.0136 0.0258
  耗时: 0.08 ms

============================================================
  [对照表] 明文 mirror vs Eigen 真值（同 (C, v₀)）
============================================================
  指标            明文 mirror         Eigen 真值          相对误差
  ────────────────────────────────────────────────────────────────────────
  λ_1                1.607078              1.607078          2.15e-07
  λ_2                1.271121              1.271229          8.48e-05
  λ_3                0.920350              0.922146          1.95e-03
  λ_4                0.550775              0.867978          3.65e-01

  cos_1            0.99999982            1.00000000          1.83e-07
  cos_2            0.99989876            1.00000000          1.01e-04
  cos_3            0.98542968            1.00000000          1.46e-02
  cos_4            0.13200000            1.00000000          8.68e-01

  R²(V)            0.55866413            1.00000000          4.41e-01
  R²(X)            0.33028152            0.35451404          2.42e-02

=== 完成 ===

