=== 明文 mirror (d=256, m_iter=8, K=4, FRO=ON(skip_first=2)) ===
  说明：与 bootstrap 模式同 (C, v₀)，但全程明文，用 std::sqrt 替代 Newton
  数据：二进制真实数据集 data/fashion_16x16_N200.bin
  [dataset] 加载二进制 data/fashion_16x16_N200.bin  N=200  d=256  (像素归一化到 [0,1])
  trace(C) = 19.3216

  T_8 =
0.0054 0.0337 0.0000 0.0000 0.0000 0.0000 0.0000 0.0000
0.0337 0.2765 0.0467 0.0000 0.0000 0.0000 0.0000 0.0000
0.0000 0.0467 0.1596 0.0978 0.0000 0.0000 0.0000 0.0000
0.0000 0.0000 0.0978 0.0977 0.0241 0.0000 0.0000 0.0000
0.0000 0.0000 0.0000 0.0241 0.0434 0.0187 0.0000 0.0000
0.0000 0.0000 0.0000 0.0000 0.0187 0.0443 0.0180 0.0000
0.0000 0.0000 0.0000 0.0000 0.0000 0.0180 0.0230 0.0154
0.0000 0.0000 0.0000 0.0000 0.0000 0.0000 0.0154 0.0534
  耗时: 0.08 ms

============================================================
  [对照表] 明文 mirror vs Eigen 真值（同 (C, v₀)）
============================================================
  指标            明文 mirror         Eigen 真值          相对误差
  ────────────────────────────────────────────────────────────────────────
  λ_1                5.853237              5.853237          1.03e-13
  λ_2                4.120547              4.120547          5.02e-11
  λ_3                1.364088              1.378343          1.03e-02
  λ_4                1.135703              1.220099          6.92e-02

  cos_1            1.00000000            1.00000000          5.33e-14
  cos_2            1.00000000            1.00000000          2.80e-11
  cos_3            0.97634988            1.00000000          2.37e-02
  cos_4            0.93130947            1.00000000          6.87e-02

  R²(V)            0.95382968            1.00000000          4.62e-02
  R²(X)            0.64557780            0.65068352          5.11e-03

=== 完成 ===

