=== 明文 mirror (d=256, m_iter=8, K=4, FRO=ON(skip_first=2)) ===
  说明：与 bootstrap 模式同 (C, v₀)，但全程明文，用 std::sqrt 替代 Newton
  数据：二进制真实数据集 data/fashion_16x16_full.bin  (像素 /255 → [0,1])
  [dataset] 加载二进制 data/fashion_16x16_full.bin  N=60000  d=256  (像素归一化到 [0,1])
  trace(C) = 19.2414

  T_8 =
0.0053 0.0339 0.0000 0.0000 0.0000 0.0000 0.0000 0.0000
0.0339 0.3029 0.0511 0.0000 0.0000 0.0000 0.0000 0.0000
0.0000 0.0511 0.1449 0.0882 0.0000 0.0000 0.0000 0.0000
0.0000 0.0000 0.0882 0.0910 0.0222 0.0000 0.0000 0.0000
0.0000 0.0000 0.0000 0.0222 0.0461 0.0184 0.0000 0.0000
0.0000 0.0000 0.0000 0.0000 0.0184 0.0341 0.0176 0.0000
0.0000 0.0000 0.0000 0.0000 0.0000 0.0176 0.0242 0.0127
0.0000 0.0000 0.0000 0.0000 0.0000 0.0000 0.0127 0.0410
  耗时: 0.08 ms

============================================================
  [对照表] 明文 mirror vs Eigen 真值（同 (C, v₀)）
============================================================
  指标            明文 mirror         Eigen 真值          相对误差
  ────────────────────────────────────────────────────────────────────────
  λ_1                6.241241              6.241241          4.41e-15
  λ_2                3.792918              3.792918          3.89e-11
  λ_3                1.272801              1.274702          1.49e-03
  λ_4                0.944473              1.026559          8.00e-02

  cos_1            1.00000000            1.00000000          2.44e-15
  cos_2            1.00000000            1.00000000          2.19e-11
  cos_3            0.99786084            1.00000000          2.14e-03
  cos_4            0.87844871            1.00000000          1.22e-01

  R²(V)            0.93815477            1.00000000          6.18e-02
  R²(X)            0.63672229            0.64108721          4.36e-03

=== 完成 ===

