=== 明文 mirror (d=50, m_iter=8, K=4, FRO=ON(skip_first=2)) ===
  说明：与 bootstrap 模式同 (C, v₀)，但全程明文，用 std::sqrt 替代 Newton
  数据：低秩合成集 N=500 rank=20 noise=2
  trace(C) = 396.6637

  T_8 =
0.0358 0.0723 0.0000 0.0000 0.0000 0.0000 0.0000 0.0000
0.0723 0.2219 0.0426 0.0000 0.0000 0.0000 0.0000 0.0000
0.0000 0.0426 0.1377 0.0334 0.0000 0.0000 0.0000 0.0000
0.0000 0.0000 0.0334 0.0435 0.0276 0.0000 0.0000 0.0000
0.0000 0.0000 0.0000 0.0276 0.0477 0.0103 0.0000 0.0000
0.0000 0.0000 0.0000 0.0000 0.0103 0.0284 0.0127 0.0000
0.0000 0.0000 0.0000 0.0000 0.0000 0.0127 0.0266 0.0100
0.0000 0.0000 0.0000 0.0000 0.0000 0.0000 0.0100 0.0228
  耗时: 0.03 ms

============================================================
  [对照表] 明文 mirror vs Eigen 真值（同 (C, v₀)）
============================================================
  指标            明文 mirror         Eigen 真值          相对误差
  ────────────────────────────────────────────────────────────────────────
  λ_1              103.345651            103.345651          2.06e-15
  λ_2               54.520718             54.520718          3.10e-11
  λ_3               27.154372             27.154465          3.42e-06
  λ_4               16.765435             16.865438          5.93e-03

  cos_1            1.00000000            1.00000000          2.22e-16
  cos_2            1.00000000            1.00000000          1.75e-11
  cos_3            0.99999770            1.00000000          2.30e-06
  cos_4            0.99444905            1.00000000          5.55e-03

  R²(V)            0.99722338            1.00000000          2.78e-03
  R²(X)            0.50870844            0.50896078          2.52e-04

=== 完成 ===

