=== 明文 mirror (d=784, m_iter=8, K=4, FRO=ON(skip_first=2)) ===
  说明：与 bootstrap 模式同 (C, v₀)，但全程明文，用 std::sqrt 替代 Newton
  数据：低秩合成集 N=2000 rank=50 noise=2
  trace(C) = 3332.0578

  T_8 =
0.0013 0.0015 0.0000 0.0000 0.0000 0.0000 0.0000 0.0000
0.0015 0.0191 0.0118 0.0000 0.0000 0.0000 0.0000 0.0000
0.0000 0.0118 0.0146 0.0082 0.0000 0.0000 0.0000 0.0000
0.0000 0.0000 0.0082 0.0153 0.0024 0.0000 0.0000 0.0000
0.0000 0.0000 0.0000 0.0024 0.0045 0.0033 0.0000 0.0000
0.0000 0.0000 0.0000 0.0000 0.0033 0.0064 0.0019 0.0000
0.0000 0.0000 0.0000 0.0000 0.0000 0.0019 0.0040 0.0018
0.0000 0.0000 0.0000 0.0000 0.0000 0.0000 0.0018 0.0028
  耗时: 0.52 ms

============================================================
  [对照表] 明文 mirror vs Eigen 真值（同 (C, v₀)）
============================================================
  指标            明文 mirror         Eigen 真值          相对误差
  ────────────────────────────────────────────────────────────────────────
  λ_1              103.013430            103.013430          4.38e-13
  λ_2               56.181970             56.181970          4.65e-09
  λ_3               31.066474             31.069893          1.10e-04
  λ_4               17.100829             17.463813          2.08e-02

  cos_1            1.00000000            1.00000000          2.34e-13
  cos_2            1.00000000            1.00000000          2.69e-09
  cos_3            0.99992337            1.00000000          7.66e-05
  cos_4            0.97654220            1.00000000          2.35e-02

  R²(V)            0.98823278            1.00000000          1.18e-02
  R²(X)            0.06223262            0.06234259          1.10e-04

=== 完成 ===

