=== 明文 Newton mirror (d=256, m_iter=12, K=4, FRO=ON(skip_first=2)) ===
  说明：与 bootstrap 模式同 (C, v₀)，全程明文，但归一化使用同 HE 配置的 Newton 近似
  数据：二进制真实数据集 data/fashion_16x16_full.bin  (像素 /255 → [0,1])
  [dataset] 加载二进制 data/fashion_16x16_full.bin  N=60000  d=256  (像素归一化到 [0,1])
  trace(C) = 19.2414
  Newton mirror: newton_iters=4  guess_safety=4.00  per_iter_guess=ON

  T_12 =
0.01 0.03 0.00 0.00 0.00 0.00 0.00 0.00 0.00 0.00 0.00 0.00
0.03 0.30 0.05 0.00 0.00 0.00 0.00 0.00 0.00 0.00 0.00 0.00
0.00 0.05 0.15 0.09 0.00 0.00 0.00 0.00 0.00 0.00 0.00 0.00
0.00 0.00 0.09 0.09 0.02 0.00 0.00 0.00 0.00 0.00 0.00 0.00
0.00 0.00 0.00 0.02 0.05 0.02 0.00 0.00 0.00 0.00 0.00 0.00
0.00 0.00 0.00 0.00 0.02 0.03 0.02 0.00 0.00 0.00 0.00 0.00
0.00 0.00 0.00 0.00 0.00 0.02 0.02 0.01 0.00 0.00 0.00 0.00
0.00 0.00 0.00 0.00 0.00 0.00 0.01 0.04 0.01 0.00 0.00 0.00
0.00 0.00 0.00 0.00 0.00 0.00 0.00 0.01 0.02 0.01 0.00 0.00
0.00 0.00 0.00 0.00 0.00 0.00 0.00 0.00 0.01 0.03 0.01 0.00
0.00 0.00 0.00 0.00 0.00 0.00 0.00 0.00 0.00 0.01 0.03 0.01
0.00 0.00 0.00 0.00 0.00 0.00 0.00 0.00 0.00 0.00 0.01 0.01
  耗时: 0.11 ms

============================================================
  [对照表] 明文 Newton mirror vs Eigen 真值（同 (C, v₀)）
============================================================
  指标            明文 mirror         Eigen 真值          相对误差
  ────────────────────────────────────────────────────────────────────────
  λ_1                6.231278              6.241241          1.60e-03
  λ_2                3.793243              3.792918          8.57e-05
  λ_3                1.275300              1.274702          4.69e-04
  λ_4                1.026059              1.026559          4.87e-04

  cos_1            0.99999927            1.00000000          7.26e-07
  cos_2            0.99999900            1.00000000          1.00e-06
  cos_3            0.99999155            1.00000000          8.45e-06
  cos_4            0.99998485            1.00000000          1.51e-05

  R²(V)            0.99998734            1.00000000          1.27e-05
  R²(X)            0.64108636            0.64108721          8.47e-07

=== 完成 ===

