=== 明文 Newton mirror (d=256, m_iter=12, K=4, FRO=ON(skip_first=2)) ===
  说明：与 bootstrap 模式同 (C, v₀)，全程明文，但归一化使用同 HE 配置的 Newton 近似
  数据：二进制真实数据集 data/fashion_16x16_full.bin  (像素 /255 → [0,1])
  [dataset] 加载二进制 data/fashion_16x16_full.bin  N=60000  d=256  (像素归一化到 [0,1])
  trace(C) = 19.2414
  Newton mirror: newton_iters=3  guess_safety=4.00  per_iter_guess=ON

  T_12 =
0.01 0.03 0.00 0.00 0.00 0.00 0.00 0.00 0.00 0.00 0.00 0.00
0.03 0.29 0.05 0.00 0.00 0.00 0.00 0.00 0.00 0.00 0.00 0.00
0.00 0.05 0.16 0.08 0.00 0.00 0.00 0.00 0.00 0.00 0.00 0.00
0.00 0.00 0.08 0.08 0.02 0.00 0.00 0.00 0.00 0.00 0.00 0.00
0.00 0.00 0.00 0.02 0.06 0.02 0.00 0.00 0.00 0.00 0.00 0.00
0.00 0.00 0.00 0.00 0.02 0.07 0.04 0.00 0.00 0.00 0.00 0.00
0.00 0.00 0.00 0.00 0.00 0.04 0.05 0.03 0.00 0.00 0.00 0.00
0.00 0.00 0.00 0.00 0.00 0.00 0.03 0.03 0.01 0.00 0.00 0.00
0.00 0.00 0.00 0.00 0.00 0.00 0.00 0.01 0.03 0.02 0.00 0.00
0.00 0.00 0.00 0.00 0.00 0.00 0.00 0.00 0.02 0.03 0.01 0.00
0.00 0.00 0.00 0.00 0.00 0.00 0.00 0.00 0.00 0.01 0.02 0.01
0.00 0.00 0.00 0.00 0.00 0.00 0.00 0.00 0.00 0.00 0.01 0.03
  耗时: 0.11 ms

============================================================
  [对照表] 明文 Newton mirror vs Eigen 真值（同 (C, v₀)）
============================================================
  指标            明文 mirror         Eigen 真值          相对误差
  ────────────────────────────────────────────────────────────────────────
  λ_1                6.016915              6.241241          3.59e-02
  λ_2                3.747772              3.792918          1.19e-02
  λ_3                1.968319              1.274702          5.44e-01
  λ_4                1.314257              1.026559          2.80e-01

  cos_1            0.99840552            1.00000000          1.59e-03
  cos_2            0.99539913            1.00000000          4.60e-03
  cos_3            0.88107402            1.00000000          1.19e-01
  cos_4            0.76009611            1.00000000          2.40e-01

  R²(V)            0.81748739            1.00000000          1.83e-01
  R²(X)            0.63274753            0.64108721          8.34e-03

=== 完成 ===

