=== 明文 Lanczos + 噪声注入 + PRO 验证 ===
d=256  K=4  m_iter=5  rank=30  noise=2  trials=5

trace(C)=1218.00  真实 λ:  λ1=100.27  λ2=57.96  λ3=31.52  λ4=18.70  λ5=13.85

sigma     b     λ₁_err%  λ₂_err%  λ₃_err%  λ₄_err%  cos₁    cos₂    cos₃    cos₄    R²(V)
--------------------------------------------------------------------------------------------------------------
0.0e+00    0      0.00%    0.15%   63.85%   69.05%  1.000   0.999   0.249   0.101  0.1741
0.0e+00    2      0.00%    0.15%   63.85%   69.05%  1.000   0.999   0.249   0.101  0.1741
0.0e+00    5      0.00%    0.15%   63.85%   69.05%  1.000   0.999   0.249   0.101  0.1741

1.0e-04    0      3.50%   14.81%   46.85%   72.12%  0.994   0.957   0.264   0.055  0.1348
1.0e-04    2      2.39%    4.61%   56.90%   64.40%  0.997   0.996   0.238   0.107  0.1688
1.0e-04    5      2.36%    5.41%   59.12%   66.12%  0.998   0.996   0.239   0.109  0.1709

1.0e-03    0      3.86%   16.34%   47.93%   71.79%  0.992   0.959   0.259   0.045  0.1272
1.0e-03    2      2.14%    4.19%   57.36%   66.16%  0.997   0.995   0.215   0.108  0.1578
1.0e-03    5      2.18%    4.84%   59.43%   67.73%  0.998   0.996   0.219   0.109  0.1610

5.0e-03    0      6.86%   23.59%   56.04%   76.77%  0.975   0.954   0.148   0.028  0.0523
5.0e-03    2      3.47%    3.92%   55.54%   76.42%  0.994   0.988   0.111   0.038  0.0650
5.0e-03    5      3.62%    3.29%   56.57%   77.07%  0.995   0.989   0.120   0.040  0.0725

1.0e-02    0     12.80%   30.62%   66.18%   85.16%  0.947   0.919   0.073   0.041  -0.0104
1.0e-02    2      5.70%    6.99%   47.42%   76.18%  0.986   0.964   0.067   0.013  0.0155
1.0e-02    5      6.15%    4.87%   49.33%   76.80%  0.989   0.968   0.080   0.016  0.0265


说明:
  σ = 单步乘法相对噪声 (matvec 内部累加 √d 倍 → 等效 σ·√256≈1.6e-01)
  b = 重正交化窗口大小 (0=不做, 2=Local PRO, 5=完整 FRO)
  R²(V) = 主成分方向相似度，越接近 1 越好；负数表示比随机基还差
  对每组配置取 5 次不同噪声 seed 平均
