=== 明文 Lanczos + 噪声注入 + PRO 验证 ===
d=50  K=4  m_iter=5  rank=20  noise=2  trials=5

trace(C)=396.66  真实 λ:  λ1=103.35  λ2=54.52  λ3=27.15  λ4=16.87  λ5=11.04

sigma     b     λ₁_err%  λ₂_err%  λ₃_err%  λ₄_err%  cos₁    cos₂    cos₃    cos₄    R²(V)
--------------------------------------------------------------------------------------------------------------
0.0e+00    0      0.00%    0.01%    2.74%   66.36%  1.000   1.000   0.971   0.110  0.5408
0.0e+00    2      0.00%    0.01%    2.74%   66.36%  1.000   1.000   0.971   0.110  0.5408
0.0e+00    5      0.00%    0.01%    2.74%   66.36%  1.000   1.000   0.971   0.110  0.5408

1.0e-04    0     12.71%   75.32%   94.82%   50.39%  0.923   0.452   0.491   0.130  -0.0020
1.0e-04    2      4.35%   15.65%   54.68%   38.79%  0.997   0.888   0.853   0.151  0.4443
1.0e-04    5      4.36%   11.46%    8.98%   55.69%  0.997   0.997   0.965   0.112  0.5356

1.0e-03    0     12.78%   75.18%   94.57%   49.38%  0.923   0.450   0.454   0.117  -0.0282
1.0e-03    2      4.09%   14.88%   54.45%   39.47%  0.997   0.909   0.873   0.138  0.4587
1.0e-03    5      4.10%   11.35%    8.23%   56.07%  0.998   0.997   0.966   0.103  0.5319

5.0e-03    0     13.17%   61.56%   88.73%   51.58%  0.918   0.532   0.468   0.075  -0.0038
5.0e-03    2      2.96%   11.85%   46.18%   49.08%  0.998   0.953   0.906   0.066  0.4612
5.0e-03    5      2.97%   10.04%    6.87%   58.45%  0.998   0.997   0.948   0.052  0.4971

1.0e-02    0     14.72%   61.79%   64.61%   57.33%  0.916   0.643   0.541   0.041  0.0711
1.0e-02    2      6.05%   10.00%   49.84%   49.44%  0.994   0.919   0.755   0.027  0.3478
1.0e-02    5      6.02%    7.26%   11.08%   58.53%  0.995   0.993   0.804   0.038  0.4152


说明:
  σ = 单步乘法相对噪声 (matvec 内部累加 √d 倍 → 等效 σ·√50≈7.1e-02)
  b = 重正交化窗口大小 (0=不做, 2=Local PRO, 5=完整 FRO)
  R²(V) = 主成分方向相似度，越接近 1 越好；负数表示比随机基还差
  对每组配置取 5 次不同噪声 seed 平均
