=== 明文 Lanczos + 噪声注入 + PRO 验证 ===
d=784  K=4  m_iter=5  rank=50  noise=2  trials=5

trace(C)=3329.09  真实 λ:  λ1=110.02  λ2=61.17  λ3=34.09  λ4=23.42  λ5=20.30

sigma     b     λ₁_err%  λ₂_err%  λ₃_err%  λ₄_err%  cos₁    cos₂    cos₃    cos₄    R²(V)
--------------------------------------------------------------------------------------------------------------
0.0e+00    0      0.04%   24.50%   52.96%   70.47%  1.000   0.815   0.006   0.116  -0.0322
0.0e+00    2      0.04%   24.50%   52.96%   70.47%  1.000   0.815   0.006   0.116  -0.0322
0.0e+00    5      0.04%   24.50%   52.96%   70.47%  1.000   0.815   0.006   0.116  -0.0322

1.0e-04    0      2.70%   16.07%   49.25%   75.50%  0.994   0.813   0.006   0.119  -0.0345
1.0e-04    2      7.89%   26.83%   54.49%   70.52%  0.999   0.812   0.005   0.107  -0.0387
1.0e-04    5      7.47%   21.46%   51.68%   65.26%  0.999   0.811   0.006   0.070  -0.0569

1.0e-03    0      3.27%   15.04%   49.94%   77.72%  0.993   0.789   0.005   0.126  -0.0435
1.0e-03    2      7.46%   30.26%   55.33%   71.98%  0.999   0.782   0.004   0.109  -0.0532
1.0e-03    5      7.40%   24.58%   52.28%   65.67%  0.999   0.781   0.005   0.071  -0.0723

5.0e-03    0      7.78%   36.26%   55.67%   90.41%  0.970   0.531   0.012   0.050  -0.2186
5.0e-03    2      6.78%   50.74%   62.47%   93.65%  0.992   0.469   0.002   0.052  -0.2424
5.0e-03    5      8.25%   47.52%   61.72%   89.68%  0.992   0.460   0.005   0.054  -0.2448

1.0e-02    0     12.75%   55.51%   61.97%   94.19%  0.939   0.291   0.024   0.020  -0.3632
1.0e-02    2      9.73%   51.05%   65.08%   98.32%  0.974   0.233   0.007   0.034  -0.3762
1.0e-02    5     11.89%   49.00%   64.91%   97.92%  0.974   0.230   0.008   0.032  -0.3786


说明:
  σ = 单步乘法相对噪声 (matvec 内部累加 √d 倍 → 等效 σ·√784≈2.8e-01)
  b = 重正交化窗口大小 (0=不做, 2=Local PRO, 5=完整 FRO)
  R²(V) = 主成分方向相似度，越接近 1 越好；负数表示比随机基还差
  对每组配置取 5 次不同噪声 seed 平均
