  GUESS_SAFETY 未设置，将按 d=784 自动使用 8
=== FHE-PCA [bootstrap] (d=784, m_iter=5, Newton=2, Bootstrap=ON) ===

[Phase 1] Client setup
  数据: 低秩合成集 N=500 rank=50 noise=2
  CryptoContext + KeyGen 耗时: 13200.0 ms
  multiplicativeDepth = 36   numSlots = 16384
  trace(C) = 3329.0932
  plaintext sim: α_0=0.001110  ||W||²=2.1277e-06  guess(safety=8.0)=1/√x=242.38
  per-iter Newton guess: ON  count=4  range=[1.702e-05, 1.117e-03]

[Phase 2] Server HE-Lanczos
  aSOR: 关闭（标准 Newton 2 轮）；如需开启: ASOR_EPS=0.9 ASOR_ALPHA=4 ...
  耗时: 4100666.4 ms
  Bootstrap 次数: 8   Bootstrap 累计耗时: 113476.8 ms
  α: 5  β: 4  V_all: 5

[Phase 3] Client post-processing
  T_5 =
0.0 0.0 0.0 0.0 0.0
0.0 0.0 0.0 0.0 0.0
0.0 0.0 0.0 0.0 0.0
0.0 0.0 0.0 0.0 0.0
0.0 0.0 0.0 0.0 0.0
  CW 保留特征值: 3

============================================================
  结果验证 (反归一化: ×3329.09)
============================================================

  真实特征值:  λ_1=110.02  λ_2=61.17  λ_3=34.09  λ_4=23.42  λ_5=20.30

  #1  HE: 9.1330  真实: 110.0226  误差: 91.70%  cos_sim=0.1515

  #2  HE: 2.5270  真实: 61.1652  误差: 95.87%  cos_sim=0.0060

  #3  HE: -2.1881  真实: 34.0902  误差: 106.42%  cos_sim=0.0036

============================================================
  [评估指标] 对齐 Panda 2021 / Ma 2023
============================================================

  R²(V) 主成分相似度 = -0.8925  （越接近 1 越好）
  R²(X) 重建评分（密文 K=3）: 0.0108
  R²(X) 重建评分（明文 K=3）: 0.0617
  R²(X) 差距 = 0.0509  （越小越好）
  累计方差解释率（明文，前 3）= 0.0617

  Server 耗时: 4100666.4 ms

=== 完成 ===

