  GUESS_SAFETY 未设置，将按 d=256 自动使用 4
=== FHE-PCA [bootstrap] (d=256, m_iter=5, Newton=2, Bootstrap=ON) ===

[Phase 1] Client setup
  数据: 低秩合成集 N=500 rank=30 noise=2
  CryptoContext + KeyGen 耗时: 13430.7 ms
  multiplicativeDepth = 36   numSlots = 16384
  trace(C) = 1218.0015
  plaintext sim: α_0=0.003429  ||W||²=1.6052e-05  guess(safety=4.0)=1/√x=124.80
  per-iter Newton guess: ON  count=4  range=[6.421e-05, 4.814e-03]

[Phase 2] Server HE-Lanczos
  aSOR: 关闭（标准 Newton 2 轮）；如需开启: ASOR_EPS=0.9 ASOR_ALPHA=4 ...
  耗时: 908469.4 ms
  Bootstrap 次数: 8   Bootstrap 累计耗时: 67288.5 ms
  α: 5  β: 4  V_all: 5

[Phase 3] Client post-processing
  T_5 =
0.0 0.0 0.0 0.0 0.0
0.0 0.0 0.0 0.0 0.0
0.0 0.0 0.0 0.0 0.0
0.0 0.0 0.0 0.1 0.0
0.0 0.0 0.0 0.0 0.0
  CW 保留特征值: 4

============================================================
  结果验证 (反归一化: ×1218.00)
============================================================

  真实特征值:  λ_1=100.27  λ_2=57.96  λ_3=31.52  λ_4=18.70  λ_5=13.85

  #1  HE: 91.4239  真实: 100.2698  误差: 8.82%  cos_sim=0.8574

  #2  HE: 65.9847  真实: 57.9568  误差: 13.85%  cos_sim=0.7781

  #3  HE: 37.6259  真实: 31.5226  误差: 19.36%  cos_sim=0.2863

  #4  HE: 8.3903  真实: 18.6998  误差: 55.13%  cos_sim=0.0356

============================================================
  [评估指标] 对齐 Panda 2021 / Ma 2023
============================================================

  R²(V) 主成分相似度 = -0.0213  （越接近 1 越好）
  R²(X) 重建评分（密文 K=4）: 0.1435
  R²(X) 重建评分（明文 K=4）: 0.1711
  R²(X) 差距 = 0.0276  （越小越好）
  累计方差解释率（明文，前 4）= 0.1711

  Server 耗时: 908469.4 ms

=== 完成 ===

