=== FHE-PCA [baseline] (d=10, m_iter=2, Newton=2, Bootstrap=OFF) ===

[Phase 1] Client setup
  数据: 随机协方差 A^T·A + I
  CryptoContext + KeyGen 耗时: 2270.6 ms
  multiplicativeDepth = 19   numSlots = 16384
  trace(C) = 95.1038
  plaintext sim: α_0=0.111311  ||W||²=5.8945e-03  guess(safety=1.0)=1/√x=13.03
  per-iter Newton guess: ON  count=1  range=[5.894e-03, 5.894e-03]

[Phase 2] Server HE-Lanczos
  aSOR: 关闭（标准 Newton 2 轮）；如需开启: ASOR_EPS=0.9 ASOR_ALPHA=4 ...
  耗时: 9476.3 ms
  α: 2  β: 1  V_all: 2

[Phase 3] Client post-processing
  T_2 =
0.1 0.1
0.1 0.1
  CW 保留特征值: 2

============================================================
  结果验证 (反归一化: ×95.10)
============================================================

  真实特征值:  λ_1=23.55  λ_2=19.91  λ_3=16.63  λ_4=11.71

  #1  HE: 18.8658  真实: 23.5501  误差: 19.89%  cos_sim=0.4176

  #2  HE: 4.1470  真实: 19.9120  误差: 79.17%  cos_sim=0.0470

============================================================
  [评估指标] 对齐 Panda 2021 / Ma 2023
============================================================

  R²(V) 主成分相似度 = -0.5354  （越接近 1 越好）
  R²(X) 未计算（旧协方差数据源，无 X_c）
  累计方差解释率（明文，前 2）= 0.4570

  Server 耗时: 9476.3 ms

=== 完成 ===

