=== 明文 Lanczos + 噪声注入 + PRO 验证 ===
d=256  K=4  m_iter=8  rank=30  noise=2  trials=5

trace(C)=1218.00  真实 λ:  λ1=100.27  λ2=57.96  λ3=31.52  λ4=18.70  λ5=13.85

=== Selective FRO 扫描（d=256 m=8） ===
schedule         sigma     λ₁_err%  λ₂_err%  λ₃_err%  λ₄_err%  cos₁    cos₂    cos₃    cos₄    R²(V)
------------------------------------------------------------------------------------------------------------------------
[]              1.0e-03    7.17%    73.53%   118.08%   195.26%   0.776  0.173  0.239  0.215  -0.2985
[]              5.0e-03   11.07%    74.67%   141.65%   176.56%   0.742  0.188  0.312  0.180  -0.2890

[mid]           1.0e-03    4.69%    65.73%   114.69%   119.34%   0.776  0.167  0.142  0.350  -0.2826
[mid]           5.0e-03    8.24%    67.53%   103.81%   128.64%   0.755  0.202  0.176  0.237  -0.3150

[late]          1.0e-03    6.80%    68.57%   111.47%   122.40%   0.813  0.217  0.276  0.324  -0.1847
[late]          5.0e-03   10.34%    60.52%   111.03%    78.69%   0.788  0.299  0.265  0.194  -0.2268

[mid,late]      1.0e-03    4.35%    47.21%    87.58%    78.78%   0.970  0.415  0.259  0.486  0.0648
[mid,late]      5.0e-03    8.06%    51.43%    96.69%    42.04%   0.932  0.371  0.182  0.240  -0.1377

[1/4,1/2,3/4]   1.0e-03    2.91%    31.18%    62.18%    47.83%   0.996  0.480  0.452  0.721  0.3247
[1/4,1/2,3/4]   5.0e-03    5.16%    29.33%    63.75%    36.44%   0.990  0.471  0.457  0.465  0.1913

[full FRO]      1.0e-03    2.18%     4.72%     3.30%     7.85%   0.998  0.997  0.996  0.917  0.9539
[full FRO]      5.0e-03    3.62%     3.17%     2.16%     9.36%   0.995  0.993  0.987  0.556  0.7653

FRO 触发次数对应深度成本（HE 下每次 reorth ≈ 4 层）：
  []                  触发 0 次, 累计 reorth 内积数 = 0 (≈ 0 层)
  [mid]               触发 1 次, 累计 reorth 内积数 = 5 (≈ 20 层)
  [late]              触发 1 次, 累计 reorth 内积数 = 7 (≈ 28 层)
  [mid,late]          触发 2 次, 累计 reorth 内积数 = 12 (≈ 48 层)
  [1/4,1/2,3/4]       触发 3 次, 累计 reorth 内积数 = 15 (≈ 60 层)
  [full FRO]          触发 7 次, 累计 reorth 内积数 = 28 (≈ 112 层)
