  Lanczos 单步最大深度估算 = 22  → levels_after_bootstrap = 26
  GUESS_SAFETY 未设置，将按 d=256 自动使用 4
=== FHE-PCA [bootstrap] (d=256, m_iter=8, Newton=2, Bootstrap=ON, FRO=ON(skip_first=2)) ===

[Phase 1] Client setup
  数据: 二进制真实数据集 data/yale_16x16.bin
  [dataset] 加载二进制 data/yale_16x16.bin  N=165  d=256  (像素归一化到 [0,1])
  CryptoContext + KeyGen 耗时: 17140.4 ms
  multiplicativeDepth = 48   numSlots = 16384
  trace(C) = 11.5229
  plaintext sim: α_0=0.004942  ||W||²=5.1944e-04  guess(safety=4.0)=1/√x=21.94
  per-iter Newton guess: ON  count=7  range=[1.962e-03, 1.752e-02]

[Phase 2] Server HE-Lanczos
  aSOR: 关闭（标准 Newton 2 轮）；如需开启: ASOR_EPS=0.9 ASOR_ALPHA=4 ...
  耗时: 2236183.6 ms
  Bootstrap 次数: 16   Bootstrap 累计耗时: 212990.8 ms
  α: 8  β: 7  V_all: 8

[Phase 3] Client post-processing
  T_8 =
0.0 0.0 0.0 0.0 0.0 0.0 0.0 0.0
0.0 0.1 0.1 0.0 0.0 0.0 0.0 0.0
0.0 0.1 0.1 0.0 0.0 0.0 0.0 0.0
0.0 0.0 0.0 0.1 0.0 0.0 0.0 0.0
0.0 0.0 0.0 0.0 0.1 0.1 0.0 0.0
0.0 0.0 0.0 0.0 0.1 0.1 0.0 0.0
0.0 0.0 0.0 0.0 0.0 0.0 0.1 0.0
0.0 0.0 0.0 0.0 0.0 0.0 0.0 0.0
  CW 保留特征值: 4

============================================================
  结果验证 (反归一化: ×11.52)
============================================================

  真实特征值:  λ_1=2.43  λ_2=2.14  λ_3=1.54  λ_4=0.81  λ_5=0.80

  #1  HE: 2.1153  真实: 2.4307  误差: 12.97%  cos_sim=0.9768

  #2  HE: 1.9248  真实: 2.1376  误差: 9.95%  cos_sim=0.7852

  #3  HE: 1.1221  真实: 1.5404  误差: 27.16%  cos_sim=0.3776

  #4  HE: 0.8651  真实: 0.8101  误差: 6.79%  cos_sim=0.2653

============================================================
  [评估指标] 对齐 Panda 2021 / Ma 2023
============================================================

  R²(V) 主成分相似度 = 0.2025  （越接近 1 越好）
  R²(X) 重建评分（密文 K=4）: 0.5405
  R²(X) 重建评分（明文 K=4）: 0.6004
  R²(X) 差距 = 0.0599  （越小越好）
  累计方差解释率（明文，前 4）= 0.6004

============================================================
  [对照表] HE 实测 vs 明文 mirror vs Eigen 真值
============================================================
  说明：明文 mirror = 同 m/同 FRO 的 Lanczos，但用 std::sqrt 替代 Newton、无噪声
        HE − 明文 mirror = FHE 增量误差（CKKS 噪声 + Newton 近似 + 实现细节）
        明文 mirror − Eigen 真值 = 迭代算法误差（B1 Krylov 不完备 + B2 浮点正交性）

  指标            HE 实测            明文 mirror         Eigen 真值
  ────────────────────────────────────────────────────────────────────────
  λ_1                2.1153 (12.97%)      2.4307 ( 0.00%)      2.4307
  λ_2                1.9248 ( 9.95%)      2.1375 ( 0.00%)      2.1376
  λ_3                1.1221 (27.16%)      1.5312 ( 0.60%)      1.5404
  λ_4                0.8651 ( 6.79%)      0.7981 ( 1.49%)      0.8101

  cos_1            0.976848            1.000000            1.000000
  cos_2            0.785187            0.999971            1.000000
  cos_3            0.377566            0.996061            1.000000
  cos_4            0.265342            0.720650            1.000000

  R²(V)            0.202472            0.858341            1.000000
  R²(X)            0.540543            0.598588            0.600439

  ── 误差归因（K=4，HE − 明文 mirror = FHE 增量） ──
    λ_1  总误差=1.30e-01  其中 迭代极限=1.13e-07 (0.0%)  FHE 增量=1.30e-01
    cos_1 总差=2.32e-02  其中 迭代极限=6.70e-08 (0.0%)  FHE 增量=2.32e-02
    λ_2  总误差=9.95e-02  其中 迭代极限=4.73e-05 (0.0%)  FHE 增量=9.95e-02
    cos_2 总差=2.15e-01  其中 迭代极限=2.94e-05 (0.0%)  FHE 增量=2.15e-01
    λ_3  总误差=2.72e-01  其中 迭代极限=5.95e-03 (2.2%)  FHE 增量=2.66e-01
    cos_3 总差=6.22e-01  其中 迭代极限=3.94e-03 (0.6%)  FHE 增量=6.18e-01
    λ_4  总误差=6.79e-02  其中 迭代极限=1.49e-02 (21.9%)  FHE 增量=5.30e-02
    cos_4 总差=7.35e-01  其中 迭代极限=2.79e-01 (38.0%)  FHE 增量=4.55e-01

  Server 耗时: 2236183.6 ms

=== 完成 ===

